Archive member included to satisfy reference by file (symbol)

C:/ST/STM32CubeIDE_1.15.1/STM32CubeIDE/plugins/com.st.stm32cube.ide.mcu.externaltools.gnu-tools-for-stm32.13.3.rel1.win32_1.0.0.202411081344/tools/bin/../lib/gcc/arm-none-eabi/13.3.1/../../../../arm-none-eabi/lib/thumb/v7e-m+dp/hard\libc_nano.a(libc_a-exit.o)
                              C:/ST/STM32CubeIDE_1.15.1/STM32CubeIDE/plugins/com.st.stm32cube.ide.mcu.externaltools.gnu-tools-for-stm32.13.3.rel1.win32_1.0.0.202411081344/tools/bin/../lib/gcc/arm-none-eabi/13.3.1/../../../../arm-none-eabi/lib/thumb/v7e-m+dp/hard/crt0.o (exit)
C:/ST/STM32CubeIDE_1.15.1/STM32CubeIDE/plugins/com.st.stm32cube.ide.mcu.externaltools.gnu-tools-for-stm32.13.3.rel1.win32_1.0.0.202411081344/tools/bin/../lib/gcc/arm-none-eabi/13.3.1/../../../../arm-none-eabi/lib/thumb/v7e-m+dp/hard\libc_nano.a(libc_a-findfp.o)
                              C:/ST/STM32CubeIDE_1.15.1/STM32CubeIDE/plugins/com.st.stm32cube.ide.mcu.externaltools.gnu-tools-for-stm32.13.3.rel1.win32_1.0.0.202411081344/tools/bin/../lib/gcc/arm-none-eabi/13.3.1/../../../../arm-none-eabi/lib/thumb/v7e-m+dp/hard\libc_nano.a(libc_a-exit.o) (__stdio_exit_handler)
C:/ST/STM32CubeIDE_1.15.1/STM32CubeIDE/plugins/com.st.stm32cube.ide.mcu.externaltools.gnu-tools-for-stm32.13.3.rel1.win32_1.0.0.202411081344/tools/bin/../lib/gcc/arm-none-eabi/13.3.1/../../../../arm-none-eabi/lib/thumb/v7e-m+dp/hard\libc_nano.a(libc_a-fwalk.o)
                              C:/ST/STM32CubeIDE_1.15.1/STM32CubeIDE/plugins/com.st.stm32cube.ide.mcu.externaltools.gnu-tools-for-stm32.13.3.rel1.win32_1.0.0.202411081344/tools/bin/../lib/gcc/arm-none-eabi/13.3.1/../../../../arm-none-eabi/lib/thumb/v7e-m+dp/hard\libc_nano.a(libc_a-findfp.o) (_fwalk_sglue)
C:/ST/STM32CubeIDE_1.15.1/STM32CubeIDE/plugins/com.st.stm32cube.ide.mcu.externaltools.gnu-tools-for-stm32.13.3.rel1.win32_1.0.0.202411081344/tools/bin/../lib/gcc/arm-none-eabi/13.3.1/../../../../arm-none-eabi/lib/thumb/v7e-m+dp/hard\libc_nano.a(libc_a-stdio.o)
                              C:/ST/STM32CubeIDE_1.15.1/STM32CubeIDE/plugins/com.st.stm32cube.ide.mcu.externaltools.gnu-tools-for-stm32.13.3.rel1.win32_1.0.0.202411081344/tools/bin/../lib/gcc/arm-none-eabi/13.3.1/../../../../arm-none-eabi/lib/thumb/v7e-m+dp/hard\libc_nano.a(libc_a-findfp.o) (__sread)
C:/ST/STM32CubeIDE_1.15.1/STM32CubeIDE/plugins/com.st.stm32cube.ide.mcu.externaltools.gnu-tools-for-stm32.13.3.rel1.win32_1.0.0.202411081344/tools/bin/../lib/gcc/arm-none-eabi/13.3.1/../../../../arm-none-eabi/lib/thumb/v7e-m+dp/hard\libc_nano.a(libc_a-memset.o)
                              C:/ST/STM32CubeIDE_1.15.1/STM32CubeIDE/plugins/com.st.stm32cube.ide.mcu.externaltools.gnu-tools-for-stm32.13.3.rel1.win32_1.0.0.202411081344/tools/bin/../lib/gcc/arm-none-eabi/13.3.1/../../../../arm-none-eabi/lib/thumb/v7e-m+dp/hard/crt0.o (memset)
C:/ST/STM32CubeIDE_1.15.1/STM32CubeIDE/plugins/com.st.stm32cube.ide.mcu.externaltools.gnu-tools-for-stm32.13.3.rel1.win32_1.0.0.202411081344/tools/bin/../lib/gcc/arm-none-eabi/13.3.1/../../../../arm-none-eabi/lib/thumb/v7e-m+dp/hard\libc_nano.a(libc_a-closer.o)
                              C:/ST/STM32CubeIDE_1.15.1/STM32CubeIDE/plugins/com.st.stm32cube.ide.mcu.externaltools.gnu-tools-for-stm32.13.3.rel1.win32_1.0.0.202411081344/tools/bin/../lib/gcc/arm-none-eabi/13.3.1/../../../../arm-none-eabi/lib/thumb/v7e-m+dp/hard\libc_nano.a(libc_a-stdio.o) (_close_r)
C:/ST/STM32CubeIDE_1.15.1/STM32CubeIDE/plugins/com.st.stm32cube.ide.mcu.externaltools.gnu-tools-for-stm32.13.3.rel1.win32_1.0.0.202411081344/tools/bin/../lib/gcc/arm-none-eabi/13.3.1/../../../../arm-none-eabi/lib/thumb/v7e-m+dp/hard\libc_nano.a(libc_a-reent.o)
                              C:/ST/STM32CubeIDE_1.15.1/STM32CubeIDE/plugins/com.st.stm32cube.ide.mcu.externaltools.gnu-tools-for-stm32.13.3.rel1.win32_1.0.0.202411081344/tools/bin/../lib/gcc/arm-none-eabi/13.3.1/../../../../arm-none-eabi/lib/thumb/v7e-m+dp/hard\libc_nano.a(libc_a-closer.o) (errno)
C:/ST/STM32CubeIDE_1.15.1/STM32CubeIDE/plugins/com.st.stm32cube.ide.mcu.externaltools.gnu-tools-for-stm32.13.3.rel1.win32_1.0.0.202411081344/tools/bin/../lib/gcc/arm-none-eabi/13.3.1/../../../../arm-none-eabi/lib/thumb/v7e-m+dp/hard\libc_nano.a(libc_a-impure.o)
                              C:/ST/STM32CubeIDE_1.15.1/STM32CubeIDE/plugins/com.st.stm32cube.ide.mcu.externaltools.gnu-tools-for-stm32.13.3.rel1.win32_1.0.0.202411081344/tools/bin/../lib/gcc/arm-none-eabi/13.3.1/../../../../arm-none-eabi/lib/thumb/v7e-m+dp/hard\libc_nano.a(libc_a-reent.o) (_impure_ptr)
C:/ST/STM32CubeIDE_1.15.1/STM32CubeIDE/plugins/com.st.stm32cube.ide.mcu.externaltools.gnu-tools-for-stm32.13.3.rel1.win32_1.0.0.202411081344/tools/bin/../lib/gcc/arm-none-eabi/13.3.1/../../../../arm-none-eabi/lib/thumb/v7e-m+dp/hard\libc_nano.a(libc_a-lseekr.o)
[...]
Memory Configuration

Name             Origin             Length             Attributes
ITCMRAM          0x00000000         0x00010000         xrw
DTCMRAM          0x20000000         0x00020000         xrw
FLASH            0x08000000         0x00020000         xr
RAM_D1           0x24000000         0x00050000         xrw
RAM_D2           0x30000000         0x00008000         xrw
RAM_D3           0x38000000         0x00004000         xrw
*default*        0x00000000         0xffffffff

Linker script and memory map

LOAD C:/ST/STM32CubeIDE_1.15.1/STM32CubeIDE/plugins/com.st.stm32cube.ide.mcu.externaltools.gnu-tools-for-stm32.13.3.rel1.win32_1.0.0.202411081344/tools/bin/../lib/gcc/arm-none-eabi/13.3.1/thumb/v7e-m+dp/hard/crti.o
LOAD C:/ST/STM32CubeIDE_1.15.1/STM32CubeIDE/plugins/com.st.stm32cube.ide.mcu.externaltools.gnu-tools-for-stm32.13.3.rel1.win32_1.0.0.202411081344/tools/bin/../lib/gcc/arm-none-eabi/13.3.1/thumb/v7e-m+dp/hard/crtbegin.o
LOAD C:/ST/STM32CubeIDE_1.15.1/STM32CubeIDE/plugins/com.st.stm32cube.ide.mcu.externaltools.gnu-tools-for-stm32.13.3.rel1.win32_1.0.0.202411081344/tools/bin/../lib/gcc/arm-none-eabi/13.3.1/../../../../arm-none-eabi/lib/thumb/v7e-m+dp/hard/crt0.o
LOAD ./Core/Src/main.o
LOAD ./Core/Src/stm32h7xx_hal_msp.o
LOAD ./Core/Src/stm32h7xx_it.o
LOAD ./Core/Src/syscalls.o
LOAD ./Core/Src/sysmem.o
LOAD ./Core/Src/system_stm32h7xx.o
LOAD ./Core/Startup/startup_stm32h730vbtx.o
LOAD ./Drivers/ADC108S022/Src/ADC108S022.o
LOAD ./Drivers/Light_Manager/Src/light_manager.o
LOAD ./Drivers/MCP23017/Src/MCP23017.o
LOAD ./Drivers/STM32H7xx_HAL_Driver/Src/stm32h7xx_hal.o
LOAD ./Drivers/STM32H7xx_HAL_Driver/Src/stm32h7xx_hal_cortex.o
LOAD ./Drivers/STM32H7xx_HAL_Driver/Src/stm32h7xx_hal_dma.o
LOAD ./Drivers/STM32H7xx_HAL_Driver/Src/stm32h7xx_hal_dma_ex.o
LOAD ./Drivers/STM32H7xx_HAL_Driver/Src/stm32h7xx_hal_exti.o
LOAD ./Drivers/STM32H7xx_HAL_Driver/Src/stm32h7xx_hal_fdcan.o
LOAD ./Drivers/STM32H7xx_HAL_Driver/Src/stm32h7xx_hal_flash.o
LOAD ./Drivers/STM32H7xx_HAL_Driver/Src/stm32h7xx_hal_flash_ex.o
LOAD ./Drivers/STM32H7xx_HAL_Driver/Src/stm32h7xx_hal_gpio.o
LOAD ./Drivers/STM32H7xx_HAL_Driver/Src/stm32h7xx_hal_hsem.o
LOAD ./Drivers/STM32H7xx_HAL_Driver/Src/stm32h7xx_hal_i2c.o
LOAD ./Drivers/STM32H7xx_HAL_Driver/Src/stm32h7xx_hal_i2c_ex.o
LOAD ./Drivers/STM32H7xx_HAL_Driver/Src/stm32h7xx_hal_mdma.o
LOAD ./Drivers/STM32H7xx_HAL_Driver/Src/stm32h7xx_hal_mmc.o
LOAD ./Drivers/STM32H7xx_HAL_Driver/Src/stm32h7xx_hal_mmc_ex.o
LOAD ./Drivers/STM32H7xx_HAL_Driver/Src/stm32h7xx_hal_pwr.o
LOAD ./Drivers/STM32H7xx_HAL_Driver/Src/stm32h7xx_hal_pwr_ex.o
LOAD ./Drivers/STM32H7xx_HAL_Driver/Src/stm32h7xx_hal_rcc.o
LOAD ./Drivers/STM32H7xx_HAL_Driver/Src/stm32h7xx_hal_rcc_ex.o
LOAD ./Drivers/STM32H7xx_HAL_Driver/Src/stm32h7xx_hal_sd.o
LOAD ./Drivers/STM32H7xx_HAL_Driver/Src/stm32h7xx_hal_sd_ex.o
LOAD ./Drivers/STM32H7xx_HAL_Driver/Src/stm32h7xx_hal_spi.o
LOAD ./Drivers/STM32H7xx_HAL_Driver/Src/stm32h7xx_hal_spi_ex.o
LOAD ./Drivers/STM32H7xx_HAL_Driver/Src/stm32h7xx_hal_tim.o
LOAD ./Drivers/STM32H7xx_HAL_Driver/Src/stm32h7xx_hal_tim_ex.o
LOAD ./Drivers/STM32H7xx_HAL_Driver/Src/stm32h7xx_ll_delayblock.o
LOAD ./Drivers/STM32H7xx_HAL_Driver/Src/stm32h7xx_ll_sdmmc.o
LOAD ./Drivers/State_Manager/Src/state_manager.o
LOAD ./Drivers/TCAN1146/Src/TCAN1146.o
START GROUP
LOAD C:/ST/STM32CubeIDE_1.15.1/STM32CubeIDE/plugins/com.st.stm32cube.ide.mcu.externaltools.gnu-tools-for-stm32.13.3.rel1.win32_1.0.0.202411081344/tools/bin/../lib/gcc/arm-none-eabi/13.3.1/../../../../arm-none-eabi/lib/thumb/v7e-m+dp/hard\libc_nano.a
LOAD C:/ST/STM32CubeIDE_1.15.1/STM32CubeIDE/plugins/com.st.stm32cube.ide.mcu.externaltools.gnu-tools-for-stm32.13.3.rel1.win32_1.0.0.202411081344/tools/bin/../lib/gcc/arm-none-eabi/13.3.1/../../../../arm-none-eabi/lib/thumb/v7e-m+dp/hard\libm.a
END GROUP
START GROUP
LOAD C:/ST/STM32CubeIDE_1.15.1/STM32CubeIDE/plugins/com.st.stm32cube.ide.mcu.externaltools.gnu-tools-for-stm32.13.3.rel1.win32_1.0.0.202411081344/tools/bin/../lib/gcc/arm-none-eabi/13.3.1/thumb/v7e-m+dp/hard\libgcc.a
LOAD C:/ST/STM32CubeIDE_1.15.1/STM32CubeIDE/plugins/com.st.stm32cube.ide.mcu.externaltools.gnu-tools-for-stm32.13.3.rel1.win32_1.0.0.202411081344/tools/bin/../lib/gcc/arm-none-eabi/13.3.1/../../../../arm-none-eabi/lib/thumb/v7e-m+dp/hard\libc_nano.a
END GROUP
START GROUP
LOAD C:/ST/STM32CubeIDE_1.15.1/STM32CubeIDE/plugins/com.st.stm32cube.ide.mcu.externaltools.gnu-tools-for-stm32.13.3.rel1.win32_1.0.0.202411081344/tools/bin/../lib/gcc/arm-none-eabi/13.3.1/thumb/v7e-m+dp/hard\libgcc.a
LOAD C:/ST/STM32CubeIDE_1.15.1/STM32CubeIDE/plugins/com.st.stm32cube.ide.mcu.externaltools.gnu-tools-for-stm32.13.3.rel1.win32_1.0.0.202411081344/tools/bin/../lib/gcc/arm-none-eabi/13.3.1/../../../../arm-none-eabi/lib/thumb/v7e-m+dp/hard\libc_nano.a
LOAD C:/ST/STM32CubeIDE_1.15.1/STM32CubeIDE/plugins/com.st.stm32cube.ide.mcu.externaltools.gnu-tools-for-stm32.13.3.rel1.win32_1.0.0.202411081344/tools/bin/../lib/gcc/arm-none-eabi/13.3.1/../../../../arm-none-eabi/lib/thumb/v7e-m+dp/hard\libnosys.a
END GROUP
START GROUP
LOAD C:/ST/STM32CubeIDE_1.15.1/STM32CubeIDE/plugins/com.st.stm32cube.ide.mcu.externaltools.gnu-tools-for-stm32.13.3.rel1.win32_1.0.0.202411081344/tools/bin/../lib/gcc/arm-none-eabi/13.3.1/thumb/v7e-m+dp/hard\libgcc.a
LOAD C:/ST/STM32CubeIDE_1.15.1/STM32CubeIDE/plugins/com.st.stm32cube.ide.mcu.externaltools.gnu-tools-for-stm32.13.3.rel1.win32_1.0.0.202411081344/tools/bin/../lib/gcc/arm-none-eabi/13.3.1/../../../../arm-none-eabi/lib/thumb/v7e-m+dp/hard\libc_nano.a
LOAD C:/ST/STM32CubeIDE_1.15.1/STM32CubeIDE/plugins/com.st.stm32cube.ide.mcu.externaltools.gnu-tools-for-stm32.13.3.rel1.win32_1.0.0.202411081344/tools/bin/../lib/gcc/arm-none-eabi/13.3.1/../../../../arm-none-eabi/lib/thumb/v7e-m+dp/hard\libnosys.a
END GROUP
LOAD C:/ST/STM32CubeIDE_1.15.1/STM32CubeIDE/plugins/com.st.stm32cube.ide.mcu.externaltools.gnu-tools-for-stm32.13.3.rel1.win32_1.0.0.202411081344/tools/bin/../lib/gcc/arm-none-eabi/13.3.1/thumb/v7e-m+dp/hard/crtend.o
LOAD C:/ST/STM32CubeIDE_1.15.1/STM32CubeIDE/plugins/com.st.stm32cube.ide.mcu.externaltools.gnu-tools-for-stm32.13.3.rel1.win32_1.0.0.202411081344/tools/bin/../lib/gcc/arm-none-eabi/13.3.1/thumb/v7e-m+dp/hard/crtn.o
                0x24050000                        _estack = (ORIGIN (RAM_D1) + LENGTH (RAM_D1))
                0x00000200                        _Min_Heap_Size = 0x200
                0x00000400                        _Min_Stack_Size = 0x400

.isr_vector     0x08000000      0x2cc
                0x08000000                        . = ALIGN (0x4)
 *(.isr_vector)
 .isr_vector    0x08000000      0x2cc ./Core/Startup/startup_stm32h730vbtx.o
                0x08000000                g_pfnVectors
                0x080002cc                        . = ALIGN (0x4)

.text           0x080002cc     0x9fb0
                0x080002cc                        . = ALIGN (0x4)
 *(.text)
 .text          0x080002cc       0x40 C:/ST/STM32CubeIDE_1.15.1/STM32CubeIDE/plugins/com.st.stm32cube.ide.mcu.externaltools.gnu-tools-for-stm32.13.3.rel1.win32_1.0.0.202411081344/tools/bin/../lib/gcc/arm-none-eabi/13.3.1/thumb/v7e-m+dp/hard/crtbegin.o
 *(.text*)
 .text.main     0x0800030c       0xcc ./Core/Src/main.o
                0x0800030c                main
 .text.HAL_TIM_PeriodElapsedCallback
                0x080003d8       0x14 ./Core/Src/main.o
                0x080003d8                HAL_TIM_PeriodElapsedCallback
 .text.SystemClock_Config
                0x080003ec       0xe4 ./Core/Src/main.o
                0x080003ec                SystemClock_Config
 .text.PeriphCommonClock_Config
                0x080004d0       0x6c ./Core/Src/main.o
                0x080004d0                PeriphCommonClock_Config
 .text.MX_FDCAN1_Init
                0x0800053c       0xc8 ./Core/Src/main.o
 .text.MX_I2C4_Init
                0x08000604       0x7c ./Core/Src/main.o
 .text.MX_SDMMC1_SD_Init
                0x08000680       0x48 ./Core/Src/main.o
 .text.MX_SPI4_Init
                0x080006c8       0xac ./Core/Src/main.o
 .text.MX_SPI6_Init
                0x08000774       0xac ./Core/Src/main.o
 .text.MX_TIM1_Init
                0x08000820      0x120 ./Core/Src/main.o
 .text.MX_TIM2_Init
                0x08000940       0xb4 ./Core/Src/main.o
 .text.MX_TIM3_Init
                0x080009f4       0xb4 ./Core/Src/main.o
 .text.MX_TIM4_Init
                0x08000aa8       0xb4 ./Core/Src/main.o
 .text.MX_TIM6_Init
                0x08000b5c       0x6c ./Core/Src/main.o
 .text.MX_TIM12_Init
                0x08000bc8       0xb4 ./Core/Src/main.o
 .text.MX_GPIO_Init
                0x08000c7c      0x2a4 ./Core/Src/main.o
 .text.MPU_Config
                0x08000f20       0x58 ./Core/Src/main.o
 .text.Error_Handler
                0x08000f78        0xc ./Core/Src/main.o
                0x08000f78                Error_Handler
 .text.HAL_MspInit
                0x08000f84       0x34 ./Core/Src/stm32h7xx_hal_msp.o
                0x08000f84                HAL_MspInit
 .text.HAL_FDCAN_MspInit
                0x08000fb8       0x94 ./Core/Src/stm32h7xx_hal_msp.o
                0x08000fb8                HAL_FDCAN_MspInit
 .text.HAL_I2C_MspInit
                0x0800104c       0xd4 ./Core/Src/stm32h7xx_hal_msp.o
                0x0800104c                HAL_I2C_MspInit
 .text.HAL_SD_MspInit
                0x08001120      0x16c ./Core/Src/stm32h7xx_hal_msp.o
                0x08001120                HAL_SD_MspInit
 .text.HAL_SPI_MspInit
                0x0800128c      0x104 ./Core/Src/stm32h7xx_hal_msp.o
                0x0800128c                HAL_SPI_MspInit
 .text.HAL_TIM_PWM_MspInit
                0x08001390       0xf8 ./Core/Src/stm32h7xx_hal_msp.o
                0x08001390                HAL_TIM_PWM_MspInit
 .text.HAL_TIM_Base_MspInit
                0x08001488       0x50 ./Core/Src/stm32h7xx_hal_msp.o
                0x08001488                HAL_TIM_Base_MspInit
 .text.HAL_TIM_MspPostInit
                0x080014d8      0x1bc ./Core/Src/stm32h7xx_hal_msp.o
                0x080014d8                HAL_TIM_MspPostInit
 .text.NMI_Handler
                0x08001694        0x8 ./Core/Src/stm32h7xx_it.o
                0x08001694                NMI_Handler
 .text.HardFault_Handler
                0x0800169c        0x8 ./Core/Src/stm32h7xx_it.o
                0x0800169c                HardFault_Handler
 .text.MemManage_Handler
                0x080016a4        0x8 ./Core/Src/stm32h7xx_it.o
                0x080016a4                MemManage_Handler
 .text.BusFault_Handler
                0x080016ac        0x8 ./Core/Src/stm32h7xx_it.o
                0x080016ac                BusFault_Handler
 .text.UsageFault_Handler
                0x080016b4        0x8 ./Core/Src/stm32h7xx_it.o
                0x080016b4                UsageFault_Handler
 .text.SVC_Handler
                0x080016bc        0xe ./Core/Src/stm32h7xx_it.o
                0x080016bc                SVC_Handler
 .text.DebugMon_Handler
                0x080016ca        0xe ./Core/Src/stm32h7xx_it.o
                0x080016ca                DebugMon_Handler
 .text.PendSV_Handler
                0x080016d8        0xe ./Core/Src/stm32h7xx_it.o
                0x080016d8                PendSV_Handler
 .text.SysTick_Handler
                0x080016e6        0xc ./Core/Src/stm32h7xx_it.o
                0x080016e6                SysTick_Handler
 *fill*         0x080016f2        0x2 
 .text.TIM6_DAC_IRQHandler
                0x080016f4       0x14 ./Core/Src/stm32h7xx_it.o
                0x080016f4                TIM6_DAC_IRQHandler
 .text.SystemInit
                0x08001708      0x120 ./Core/Src/system_stm32h7xx.o
                0x08001708                SystemInit
 .text.ExitRun0Mode
                0x08001828       0x30 ./Core/Src/system_stm32h7xx.o
                0x08001828                ExitRun0Mode
 .text.Reset_Handler
                0x08001858       0x54 ./Core/Startup/startup_stm32h730vbtx.o
                0x08001858                Reset_Handler
 .text.Default_Handler
                0x080018ac        0x2 ./Core/Startup/startup_stm32h730vbtx.o
                0x080018ac                RTC_Alarm_IRQHandler
                0x080018ac                HASH_RNG_IRQHandler
                0x080018ac                EXTI2_IRQHandler
                0x080018ac                TIM8_CC_IRQHandler
                0x080018ac                UART8_IRQHandler
                0x080018ac                SPI4_IRQHandler
                0x080018ac                FDCAN3_IT0_IRQHandler
                0x080018ac                TIM1_CC_IRQHandler
                0x080018ac                BDMA_Channel6_IRQHandler
                0x080018ac                DMA2_Stream5_IRQHandler
                0x080018ac                DMA1_Stream5_IRQHandler
                0x080018ac                CORDIC_IRQHandler
                0x080018ac                BDMA_Channel1_IRQHandler
                0x080018ac                TAMP_STAMP_IRQHandler
                0x080018ac                EXTI3_IRQHandler
                0x080018ac                LPTIM4_IRQHandler
                0x080018ac                TIM8_TRG_COM_TIM14_IRQHandler
                0x080018ac                LPTIM2_IRQHandler
                0x080018ac                DFSDM1_FLT1_IRQHandler
                0x080018ac                DMAMUX2_OVR_IRQHandler
                0x080018ac                TIM8_UP_TIM13_IRQHandler
                0x080018ac                I2C3_ER_IRQHandler
                0x080018ac                DFSDM1_FLT2_IRQHandler
                0x080018ac                I2C5_EV_IRQHandler
                0x080018ac                USART10_IRQHandler
                0x080018ac                MDMA_IRQHandler
                0x080018ac                LPTIM3_IRQHandler
                0x080018ac                HSEM1_IRQHandler
                0x080018ac                EXTI0_IRQHandler
                0x080018ac                I2C2_EV_IRQHandler
                0x080018ac                DMA1_Stream2_IRQHandler
                0x080018ac                FPU_IRQHandler
                0x080018ac                OTG_HS_WKUP_IRQHandler
                0x080018ac                FDCAN1_IT1_IRQHandler
                0x080018ac                LTDC_ER_IRQHandler
                0x080018ac                DMA2_Stream2_IRQHandler
                0x080018ac                SPI1_IRQHandler
                0x080018ac                OCTOSPI1_IRQHandler
                0x080018ac                DMA2_Stream3_IRQHandler
                0x080018ac                OCTOSPI2_IRQHandler
                0x080018ac                DFSDM1_FLT3_IRQHandler
                0x080018ac                TIM23_IRQHandler
                0x080018ac                USART6_IRQHandler
                0x080018ac                TIM17_IRQHandler
                0x080018ac                USART3_IRQHandler
                0x080018ac                BDMA_Channel7_IRQHandler
                0x080018ac                CRYP_IRQHandler
                0x080018ac                LPTIM5_IRQHandler
                0x080018ac                UART5_IRQHandler
                0x080018ac                ADC3_IRQHandler
                0x080018ac                DMA2_Stream0_IRQHandler
                0x080018ac                TIM4_IRQHandler
                0x080018ac                BDMA_Channel2_IRQHandler
                0x080018ac                I2C1_EV_IRQHandler
                0x080018ac                DMA1_Stream6_IRQHandler
                0x080018ac                DMAMUX1_OVR_IRQHandler
                0x080018ac                DMA1_Stream1_IRQHandler
                0x080018ac                TIM16_IRQHandler
                0x080018ac                UART4_IRQHandler
                0x080018ac                BDMA_Channel5_IRQHandler
                0x080018ac                TIM3_IRQHandler
                0x080018ac                RCC_IRQHandler
                0x080018ac                UART9_IRQHandler
                0x080018ac                TIM8_BRK_TIM12_IRQHandler
                0x080018ac                TIM1_TRG_COM_IRQHandler
                0x080018ac                Default_Handler
                0x080018ac                ECC_IRQHandler
                0x080018ac                FMAC_IRQHandler
                0x080018ac                CEC_IRQHandler
                0x080018ac                EXTI15_10_IRQHandler
                0x080018ac                BDMA_Channel0_IRQHandler
                0x080018ac                ADC_IRQHandler
                0x080018ac                I2C5_ER_IRQHandler
                0x080018ac                OTFDEC1_IRQHandler
                0x080018ac                DMA1_Stream7_IRQHandler
                0x080018ac                SPI5_IRQHandler
                0x080018ac                TIM7_IRQHandler
                0x080018ac                FDCAN3_IT1_IRQHandler
                0x080018ac                SDMMC1_IRQHandler
                0x080018ac                TIM5_IRQHandler
                0x080018ac                DMA2_Stream7_IRQHandler
                0x080018ac                TIM15_IRQHandler
                0x080018ac                PVD_AVD_IRQHandler
                0x080018ac                I2C3_EV_IRQHandler
                0x080018ac                EXTI9_5_IRQHandler
                0x080018ac                RTC_WKUP_IRQHandler
                0x080018ac                LTDC_IRQHandler
                0x080018ac                ETH_WKUP_IRQHandler
                0x080018ac                SPDIF_RX_IRQHandler
                0x080018ac                SPI2_IRQHandler
                0x080018ac                OTG_HS_EP1_IN_IRQHandler
                0x080018ac                DMA1_Stream0_IRQHandler
                0x080018ac                OTFDEC2_IRQHandler
                0x080018ac                TIM24_IRQHandler
                0x080018ac                CRS_IRQHandler
                0x080018ac                EXTI4_IRQHandler
                0x080018ac                FDCAN2_IT1_IRQHandler
                0x080018ac                ETH_IRQHandler
                0x080018ac                TIM1_UP_IRQHandler
                0x080018ac                BDMA_Channel4_IRQHandler
                0x080018ac                OTG_HS_EP1_OUT_IRQHandler
                0x080018ac                WWDG_IRQHandler
                0x080018ac                SPI6_IRQHandler
                0x080018ac                MDIOS_IRQHandler
                0x080018ac                I2C4_EV_IRQHandler
                0x080018ac                FDCAN2_IT0_IRQHandler
                0x080018ac                LPUART1_IRQHandler
                0x080018ac                FDCAN1_IT0_IRQHandler
                0x080018ac                TIM2_IRQHandler
                0x080018ac                OTG_HS_IRQHandler
                0x080018ac                DMA2D_IRQHandler
                0x080018ac                TIM1_BRK_IRQHandler
                0x080018ac                EXTI1_IRQHandler
                0x080018ac                SDMMC2_IRQHandler
                0x080018ac                BDMA_Channel3_IRQHandler
                0x080018ac                DTS_IRQHandler
                0x080018ac                UART7_IRQHandler
                0x080018ac                MDIOS_WKUP_IRQHandler
                0x080018ac                USART2_IRQHandler
                0x080018ac                DFSDM1_FLT0_IRQHandler
                0x080018ac                SAI4_IRQHandler
                0x080018ac                I2C2_ER_IRQHandler
                0x080018ac                DMA2_Stream1_IRQHandler
                0x080018ac                FLASH_IRQHandler
                0x080018ac                DMA2_Stream4_IRQHandler
                0x080018ac                USART1_IRQHandler
                0x080018ac                SPI3_IRQHandler
                0x080018ac                WAKEUP_PIN_IRQHandler
                0x080018ac                DMA1_Stream4_IRQHandler
                0x080018ac                I2C1_ER_IRQHandler
                0x080018ac                FMC_IRQHandler
                0x080018ac                FDCAN_CAL_IRQHandler
                0x080018ac                SWPMI1_IRQHandler
                0x080018ac                COMP1_IRQHandler
                0x080018ac                LPTIM1_IRQHandler
                0x080018ac                DCMI_PSSI_IRQHandler
                0x080018ac                I2C4_ER_IRQHandler
                0x080018ac                DMA2_Stream6_IRQHandler
                0x080018ac                SAI1_IRQHandler
                0x080018ac                DMA1_Stream3_IRQHandler
 .text._cs_deassert
                0x080018ae       0x20 ./Drivers/ADC108S022/Src/ADC108S022.o
 .text.ADC108S022_Init
                0x080018ce       0x16 ./Drivers/ADC108S022/Src/ADC108S022.o
                0x080018ce                ADC108S022_Init
 .text._write_reg
                0x080018e4       0x3c ./Drivers/MCP23017/Src/MCP23017.o
 .text.MCP23017_Init
                0x08001920       0x4c ./Drivers/MCP23017/Src/MCP23017.o
                0x08001920                MCP23017_Init
 .text.HAL_Init
                0x0800196c       0x78 ./Drivers/STM32H7xx_HAL_Driver/Src/stm32h7xx_hal.o
                0x0800196c                HAL_Init
 .text.HAL_InitTick
                0x080019e4       0x6c ./Drivers/STM32H7xx_HAL_Driver/Src/stm32h7xx_hal.o
                0x080019e4                HAL_InitTick
 .text.HAL_IncTick
                0x08001a50       0x28 ./Drivers/STM32H7xx_HAL_Driver/Src/stm32h7xx_hal.o
                0x08001a50                HAL_IncTick
 .text.HAL_GetTick
                0x08001a78       0x18 ./Drivers/STM32H7xx_HAL_Driver/Src/stm32h7xx_hal.o
                0x08001a78                HAL_GetTick
 .text.HAL_Delay
                0x08001a90       0x48 ./Drivers/STM32H7xx_HAL_Driver/Src/stm32h7xx_hal.o
                0x08001a90                HAL_Delay
 .text.HAL_SYSCFG_AnalogSwitchConfig
                0x08001ad8       0x2c ./Drivers/STM32H7xx_HAL_Driver/Src/stm32h7xx_hal.o
                0x08001ad8                HAL_SYSCFG_AnalogSwitchConfig
 .text.__NVIC_SetPriorityGrouping
                0x08001b04       0x48 ./Drivers/STM32H7xx_HAL_Driver/Src/stm32h7xx_hal_cortex.o
 .text.__NVIC_GetPriorityGrouping
                0x08001b4c       0x1c ./Drivers/STM32H7xx_HAL_Driver/Src/stm32h7xx_hal_cortex.o
 .text.__NVIC_EnableIRQ
                0x08001b68       0x3c ./Drivers/STM32H7xx_HAL_Driver/Src/stm32h7xx_hal_cortex.o
 .text.__NVIC_SetPriority
                0x08001ba4       0x54 ./Drivers/STM32H7xx_HAL_Driver/Src/stm32h7xx_hal_cortex.o
 .text.NVIC_EncodePriority
                0x08001bf8       0x66 ./Drivers/STM32H7xx_HAL_Driver/Src/stm32h7xx_hal_cortex.o
 *fill*         0x08001c5e        0x2 
 .text.SysTick_Config
                0x08001c60       0x44 ./Drivers/STM32H7xx_HAL_Driver/Src/stm32h7xx_hal_cortex.o
 .text.HAL_NVIC_SetPriorityGrouping
                0x08001ca4       0x16 ./Drivers/STM32H7xx_HAL_Driver/Src/stm32h7xx_hal_cortex.o
                0x08001ca4                HAL_NVIC_SetPriorityGrouping
 .text.HAL_NVIC_SetPriority
                0x08001cba       0x34 ./Drivers/STM32H7xx_HAL_Driver/Src/stm32h7xx_hal_cortex.o
                0x08001cba                HAL_NVIC_SetPriority
 .text.HAL_NVIC_EnableIRQ
                0x08001cee       0x1c ./Drivers/STM32H7xx_HAL_Driver/Src/stm32h7xx_hal_cortex.o
                0x08001cee                HAL_NVIC_EnableIRQ
 .text.HAL_SYSTICK_Config
                0x08001d0a       0x18 ./Drivers/STM32H7xx_HAL_Driver/Src/stm32h7xx_hal_cortex.o
                0x08001d0a                HAL_SYSTICK_Config
 *fill*         0x08001d22        0x2 
 .text.HAL_MPU_Disable
                0x08001d24       0x30 ./Drivers/STM32H7xx_HAL_Driver/Src/stm32h7xx_hal_cortex.o
                0x08001d24                HAL_MPU_Disable
 .text.HAL_MPU_Enable
                0x08001d54       0x40 ./Drivers/STM32H7xx_HAL_Driver/Src/stm32h7xx_hal_cortex.o
                0x08001d54                HAL_MPU_Enable
 .text.HAL_MPU_ConfigRegion
                0x08001d94       0x80 ./Drivers/STM32H7xx_HAL_Driver/Src/stm32h7xx_hal_cortex.o
                0x08001d94                HAL_MPU_ConfigRegion
 .text.HAL_FDCAN_Init
                0x08001e14      0x3bc ./Drivers/STM32H7xx_HAL_Driver/Src/stm32h7xx_hal_fdcan.o
                0x08001e14                HAL_FDCAN_Init
 .text.FDCAN_CalcultateRamBlockAddresses
                0x080021d0      0x30c ./Drivers/STM32H7xx_HAL_Driver/Src/stm32h7xx_hal_fdcan.o
 .text.HAL_GPIO_Init
                0x080024dc      0x350 ./Drivers/STM32H7xx_HAL_Driver/Src/stm32h7xx_hal_gpio.o
                0x080024dc                HAL_GPIO_Init
 .text.HAL_GPIO_WritePin
                0x0800282c       0x32 ./Drivers/STM32H7xx_HAL_Driver/Src/stm32h7xx_hal_gpio.o
                0x0800282c                HAL_GPIO_WritePin
 *fill*         0x0800285e        0x2 
 .text.HAL_I2C_Init
                0x08002860      0x138 ./Drivers/STM32H7xx_HAL_Driver/Src/stm32h7xx_hal_i2c.o
                0x08002860                HAL_I2C_Init
 .text.HAL_I2C_Master_Transmit
                0x08002998      0x230 ./Drivers/STM32H7xx_HAL_Driver/Src/stm32h7xx_hal_i2c.o
                0x08002998                HAL_I2C_Master_Transmit
 .text.I2C_Flush_TXDR
                0x08002bc8       0x48 ./Drivers/STM32H7xx_HAL_Driver/Src/stm32h7xx_hal_i2c.o
 .text.I2C_WaitOnFlagUntilTimeout
                0x08002c10       0xb2 ./Drivers/STM32H7xx_HAL_Driver/Src/stm32h7xx_hal_i2c.o
 .text.I2C_WaitOnTXISFlagUntilTimeout
                0x08002cc2       0x8e ./Drivers/STM32H7xx_HAL_Driver/Src/stm32h7xx_hal_i2c.o
 .text.I2C_WaitOnSTOPFlagUntilTimeout
                0x08002d50       0x86 ./Drivers/STM32H7xx_HAL_Driver/Src/stm32h7xx_hal_i2c.o
 *fill*         0x08002dd6        0x2 
 .text.I2C_IsErrorOccurred
                0x08002dd8      0x1c0 ./Drivers/STM32H7xx_HAL_Driver/Src/stm32h7xx_hal_i2c.o
 .text.I2C_TransferConfig
                0x08002f98       0x64 ./Drivers/STM32H7xx_HAL_Driver/Src/stm32h7xx_hal_i2c.o
 .text.HAL_I2CEx_ConfigAnalogFilter
                0x08002ffc       0x96 ./Drivers/STM32H7xx_HAL_Driver/Src/stm32h7xx_hal_i2c_ex.o
                0x08002ffc                HAL_I2CEx_ConfigAnalogFilter
 .text.HAL_I2CEx_ConfigDigitalFilter
                0x08003092       0x98 ./Drivers/STM32H7xx_HAL_Driver/Src/stm32h7xx_hal_i2c_ex.o
                0x08003092                HAL_I2CEx_ConfigDigitalFilter
 *fill*         0x0800312a        0x2 
 .text.HAL_PWREx_ConfigSupply
                0x0800312c       0x74 ./Drivers/STM32H7xx_HAL_Driver/Src/stm32h7xx_hal_pwr_ex.o
                0x0800312c                HAL_PWREx_ConfigSupply
 .text.HAL_RCC_OscConfig
                0x080031a0      0x7b4 ./Drivers/STM32H7xx_HAL_Driver/Src/stm32h7xx_hal_rcc.o
                0x080031a0                HAL_RCC_OscConfig
 .text.HAL_RCC_ClockConfig
                0x08003954      0x36c ./Drivers/STM32H7xx_HAL_Driver/Src/stm32h7xx_hal_rcc.o
                0x08003954                HAL_RCC_ClockConfig
 .text.HAL_RCC_GetSysClockFreq
                0x08003cc0      0x2f4 ./Drivers/STM32H7xx_HAL_Driver/Src/stm32h7xx_hal_rcc.o
                0x08003cc0                HAL_RCC_GetSysClockFreq
 .text.HAL_RCC_GetHCLKFreq
                0x08003fb4       0x60 ./Drivers/STM32H7xx_HAL_Driver/Src/stm32h7xx_hal_rcc.o
                0x08003fb4                HAL_RCC_GetHCLKFreq
 .text.HAL_RCC_GetPCLK1Freq
                0x08004014       0x2c ./Drivers/STM32H7xx_HAL_Driver/Src/stm32h7xx_hal_rcc.o
                0x08004014                HAL_RCC_GetPCLK1Freq
 .text.HAL_RCCEx_PeriphCLKConfig
                0x08004040     0x1340 ./Drivers/STM32H7xx_HAL_Driver/Src/stm32h7xx_hal_rcc_ex.o
                0x08004040                HAL_RCCEx_PeriphCLKConfig
 .text.HAL_RCCEx_GetPeriphCLKFreq
                0x08005380      0x9a4 ./Drivers/STM32H7xx_HAL_Driver/Src/stm32h7xx_hal_rcc_ex.o
                0x08005380                HAL_RCCEx_GetPeriphCLKFreq
 .text.HAL_RCCEx_GetD3PCLK1Freq
                0x08005d24       0x2c ./Drivers/STM32H7xx_HAL_Driver/Src/stm32h7xx_hal_rcc_ex.o
                0x08005d24                HAL_RCCEx_GetD3PCLK1Freq
 .text.HAL_RCCEx_GetPLL2ClockFreq
                0x08005d50      0x2a8 ./Drivers/STM32H7xx_HAL_Driver/Src/stm32h7xx_hal_rcc_ex.o
                0x08005d50                HAL_RCCEx_GetPLL2ClockFreq
 .text.HAL_RCCEx_GetPLL3ClockFreq
                0x08005ff8      0x2a8 ./Drivers/STM32H7xx_HAL_Driver/Src/stm32h7xx_hal_rcc_ex.o
                0x08005ff8                HAL_RCCEx_GetPLL3ClockFreq
 .text.HAL_RCCEx_GetPLL1ClockFreq
                0x080062a0      0x2a4 ./Drivers/STM32H7xx_HAL_Driver/Src/stm32h7xx_hal_rcc_ex.o
                0x080062a0                HAL_RCCEx_GetPLL1ClockFreq
 .text.RCCEx_PLL2_Config
                0x08006544      0x164 ./Drivers/STM32H7xx_HAL_Driver/Src/stm32h7xx_hal_rcc_ex.o
 .text.RCCEx_PLL3_Config
                0x080066a8      0x164 ./Drivers/STM32H7xx_HAL_Driver/Src/stm32h7xx_hal_rcc_ex.o
 .text.HAL_SD_Init
                0x0800680c      0x106 ./Drivers/STM32H7xx_HAL_Driver/Src/stm32h7xx_hal_sd.o
                0x0800680c                HAL_SD_Init
 *fill*         0x08006912        0x2 
 .text.HAL_SD_InitCard
                0x08006914      0x138 ./Drivers/STM32H7xx_HAL_Driver/Src/stm32h7xx_hal_sd.o
                0x08006914                HAL_SD_InitCard
 .text.HAL_SD_GetCardCSD
                0x08006a4c      0x348 ./Drivers/STM32H7xx_HAL_Driver/Src/stm32h7xx_hal_sd.o
                0x08006a4c                HAL_SD_GetCardCSD
 .text.HAL_SD_GetCardStatus
                0x08006d94      0x17c ./Drivers/STM32H7xx_HAL_Driver/Src/stm32h7xx_hal_sd.o
                0x08006d94                HAL_SD_GetCardStatus
 .text.HAL_SD_ConfigWideBusOperation
                0x08006f10      0x224 ./Drivers/STM32H7xx_HAL_Driver/Src/stm32h7xx_hal_sd.o
                0x08006f10                HAL_SD_ConfigWideBusOperation
 .text.HAL_SD_GetCardState
                0x08007134       0x40 ./Drivers/STM32H7xx_HAL_Driver/Src/stm32h7xx_hal_sd.o
                0x08007134                HAL_SD_GetCardState
 .text.SD_InitCard
                0x08007174      0x19c ./Drivers/STM32H7xx_HAL_Driver/Src/stm32h7xx_hal_sd.o
 .text.SD_PowerON
                0x08007310      0x11c ./Drivers/STM32H7xx_HAL_Driver/Src/stm32h7xx_hal_sd.o
 .text.SD_SendSDStatus
                0x0800742c      0x1a0 ./Drivers/STM32H7xx_HAL_Driver/Src/stm32h7xx_hal_sd.o
 .text.SD_SendStatus
                0x080075cc       0x50 ./Drivers/STM32H7xx_HAL_Driver/Src/stm32h7xx_hal_sd.o
 .text.SD_WideBus_Enable
                0x0800761c       0x96 ./Drivers/STM32H7xx_HAL_Driver/Src/stm32h7xx_hal_sd.o
 .text.SD_WideBus_Disable
                0x080076b2       0x96 ./Drivers/STM32H7xx_HAL_Driver/Src/stm32h7xx_hal_sd.o
 .text.SD_FindSCR
                0x08007748      0x1a0 ./Drivers/STM32H7xx_HAL_Driver/Src/stm32h7xx_hal_sd.o
 .text.HAL_SPI_Init
                0x080078e8      0x248 ./Drivers/STM32H7xx_HAL_Driver/Src/stm32h7xx_hal_spi.o
                0x080078e8                HAL_SPI_Init
 .text.HAL_SPI_Transmit
                0x08007b30      0x3dc ./Drivers/STM32H7xx_HAL_Driver/Src/stm32h7xx_hal_spi.o
                0x08007b30                HAL_SPI_Transmit
 .text.HAL_SPI_Receive
                0x08007f0c      0x4e4 ./Drivers/STM32H7xx_HAL_Driver/Src/stm32h7xx_hal_spi.o
                0x08007f0c                HAL_SPI_Receive
 .text.SPI_CloseTransfer
                0x080083f0      0x140 ./Drivers/STM32H7xx_HAL_Driver/Src/stm32h7xx_hal_spi.o
 .text.SPI_WaitOnFlagUntilTimeout
                0x08008530       0x5c ./Drivers/STM32H7xx_HAL_Driver/Src/stm32h7xx_hal_spi.o
 .text.SPI_GetPacketSize
                0x0800858c       0x36 ./Drivers/STM32H7xx_HAL_Driver/Src/stm32h7xx_hal_spi.o
 .text.HAL_TIM_Base_Init
                0x080085c2       0xae ./Drivers/STM32H7xx_HAL_Driver/Src/stm32h7xx_hal_tim.o
                0x080085c2                HAL_TIM_Base_Init
 .text.HAL_TIM_Base_Start_IT
                0x08008670      0x10c ./Drivers/STM32H7xx_HAL_Driver/Src/stm32h7xx_hal_tim.o
                0x08008670                HAL_TIM_Base_Start_IT
 .text.HAL_TIM_PWM_Init
                0x0800877c       0xae ./Drivers/STM32H7xx_HAL_Driver/Src/stm32h7xx_hal_tim.o
                0x0800877c                HAL_TIM_PWM_Init
 .text.HAL_TIM_IRQHandler
                0x0800882a      0x20e ./Drivers/STM32H7xx_HAL_Driver/Src/stm32h7xx_hal_tim.o
                0x0800882a                HAL_TIM_IRQHandler
 .text.HAL_TIM_PWM_ConfigChannel
                0x08008a38      0x228 ./Drivers/STM32H7xx_HAL_Driver/Src/stm32h7xx_hal_tim.o
                0x08008a38                HAL_TIM_PWM_ConfigChannel
 .text.HAL_TIM_OC_DelayElapsedCallback
                0x08008c60       0x14 ./Drivers/STM32H7xx_HAL_Driver/Src/stm32h7xx_hal_tim.o
                0x08008c60                HAL_TIM_OC_DelayElapsedCallback
 .text.HAL_TIM_IC_CaptureCallback
                0x08008c74       0x14 ./Drivers/STM32H7xx_HAL_Driver/Src/stm32h7xx_hal_tim.o
                0x08008c74                HAL_TIM_IC_CaptureCallback
 .text.HAL_TIM_PWM_PulseFinishedCallback
                0x08008c88       0x14 ./Drivers/STM32H7xx_HAL_Driver/Src/stm32h7xx_hal_tim.o
                0x08008c88                HAL_TIM_PWM_PulseFinishedCallback
 .text.HAL_TIM_TriggerCallback
                0x08008c9c       0x14 ./Drivers/STM32H7xx_HAL_Driver/Src/stm32h7xx_hal_tim.o
                0x08008c9c                HAL_TIM_TriggerCallback
 .text.TIM_Base_SetConfig
                0x08008cb0      0x158 ./Drivers/STM32H7xx_HAL_Driver/Src/stm32h7xx_hal_tim.o
                0x08008cb0                TIM_Base_SetConfig
 .text.TIM_OC1_SetConfig
                0x08008e08      0x120 ./Drivers/STM32H7xx_HAL_Driver/Src/stm32h7xx_hal_tim.o
 .text.TIM_OC2_SetConfig
                0x08008f28      0x114 ./Drivers/STM32H7xx_HAL_Driver/Src/stm32h7xx_hal_tim.o
                0x08008f28                TIM_OC2_SetConfig
 .text.TIM_OC3_SetConfig
                0x0800903c      0x110 ./Drivers/STM32H7xx_HAL_Driver/Src/stm32h7xx_hal_tim.o
 .text.TIM_OC4_SetConfig
                0x0800914c       0xd4 ./Drivers/STM32H7xx_HAL_Driver/Src/stm32h7xx_hal_tim.o
 .text.TIM_OC5_SetConfig
                0x08009220       0xc8 ./Drivers/STM32H7xx_HAL_Driver/Src/stm32h7xx_hal_tim.o
 .text.TIM_OC6_SetConfig
                0x080092e8       0xcc ./Drivers/STM32H7xx_HAL_Driver/Src/stm32h7xx_hal_tim.o
 .text.HAL_TIMEx_MasterConfigSynchronization
                0x080093b4      0x138 ./Drivers/STM32H7xx_HAL_Driver/Src/stm32h7xx_hal_tim_ex.o
                0x080093b4                HAL_TIMEx_MasterConfigSynchronization
 .text.HAL_TIMEx_ConfigBreakDeadTime
                0x080094ec      0x118 ./Drivers/STM32H7xx_HAL_Driver/Src/stm32h7xx_hal_tim_ex.o
                0x080094ec                HAL_TIMEx_ConfigBreakDeadTime
 .text.HAL_TIMEx_CommutCallback
                0x08009604       0x14 ./Drivers/STM32H7xx_HAL_Driver/Src/stm32h7xx_hal_tim_ex.o
                0x08009604                HAL_TIMEx_CommutCallback
 .text.HAL_TIMEx_BreakCallback
                0x08009618       0x14 ./Drivers/STM32H7xx_HAL_Driver/Src/stm32h7xx_hal_tim_ex.o
                0x08009618                HAL_TIMEx_BreakCallback
 .text.HAL_TIMEx_Break2Callback
                0x0800962c       0x14 ./Drivers/STM32H7xx_HAL_Driver/Src/stm32h7xx_hal_tim_ex.o
                0x0800962c                HAL_TIMEx_Break2Callback
 .text.SDMMC_Init
                0x08009640       0x54 ./Drivers/STM32H7xx_HAL_Driver/Src/stm32h7xx_ll_sdmmc.o
                0x08009640                SDMMC_Init
 .text.SDMMC_ReadFIFO
                0x08009694       0x1a ./Drivers/STM32H7xx_HAL_Driver/Src/stm32h7xx_ll_sdmmc.o
                0x08009694                SDMMC_ReadFIFO
 .text.SDMMC_PowerState_ON
                0x080096ae       0x22 ./Drivers/STM32H7xx_HAL_Driver/Src/stm32h7xx_ll_sdmmc.o
                0x080096ae                SDMMC_PowerState_ON
 .text.SDMMC_GetPowerState
                0x080096d0       0x1c ./Drivers/STM32H7xx_HAL_Driver/Src/stm32h7xx_ll_sdmmc.o
                0x080096d0                SDMMC_GetPowerState
 .text.SDMMC_SendCommand
                0x080096ec       0x54 ./Drivers/STM32H7xx_HAL_Driver/Src/stm32h7xx_ll_sdmmc.o
                0x080096ec                SDMMC_SendCommand
 .text.SDMMC_GetCommandResponse
                0x08009740       0x1a ./Drivers/STM32H7xx_HAL_Driver/Src/stm32h7xx_ll_sdmmc.o
                0x08009740                SDMMC_GetCommandResponse
 .text.SDMMC_GetResponse
                0x0800975a       0x26 ./Drivers/STM32H7xx_HAL_Driver/Src/stm32h7xx_ll_sdmmc.o
                0x0800975a                SDMMC_GetResponse
 .text.SDMMC_ConfigData
                0x08009780       0x58 ./Drivers/STM32H7xx_HAL_Driver/Src/stm32h7xx_ll_sdmmc.o
                0x08009780                SDMMC_ConfigData
 .text.SDMMC_CmdBlockLength
                0x080097d8       0x46 ./Drivers/STM32H7xx_HAL_Driver/Src/stm32h7xx_ll_sdmmc.o
                0x080097d8                SDMMC_CmdBlockLength
 .text.SDMMC_CmdSelDesel
                0x0800981e       0x46 ./Drivers/STM32H7xx_HAL_Driver/Src/stm32h7xx_ll_sdmmc.o
                0x0800981e                SDMMC_CmdSelDesel
 .text.SDMMC_CmdGoIdleState
                0x08009864       0x3c ./Drivers/STM32H7xx_HAL_Driver/Src/stm32h7xx_ll_sdmmc.o
                0x08009864                SDMMC_CmdGoIdleState
 .text.SDMMC_CmdOperCond
                0x080098a0       0x40 ./Drivers/STM32H7xx_HAL_Driver/Src/stm32h7xx_ll_sdmmc.o
                0x080098a0                SDMMC_CmdOperCond
 .text.SDMMC_CmdAppCommand
                0x080098e0       0x46 ./Drivers/STM32H7xx_HAL_Driver/Src/stm32h7xx_ll_sdmmc.o
                0x080098e0                SDMMC_CmdAppCommand
 .text.SDMMC_CmdAppOperCommand
                0x08009926       0x40 ./Drivers/STM32H7xx_HAL_Driver/Src/stm32h7xx_ll_sdmmc.o
                0x08009926                SDMMC_CmdAppOperCommand
 .text.SDMMC_CmdBusWidth
                0x08009966       0x46 ./Drivers/STM32H7xx_HAL_Driver/Src/stm32h7xx_ll_sdmmc.o
                0x08009966                SDMMC_CmdBusWidth
 .text.SDMMC_CmdSendSCR
                0x080099ac       0x44 ./Drivers/STM32H7xx_HAL_Driver/Src/stm32h7xx_ll_sdmmc.o
                0x080099ac                SDMMC_CmdSendSCR
 .text.SDMMC_CmdSendCID
                0x080099f0       0x3e ./Drivers/STM32H7xx_HAL_Driver/Src/stm32h7xx_ll_sdmmc.o
                0x080099f0                SDMMC_CmdSendCID
 .text.SDMMC_CmdSendCSD
                0x08009a2e       0x40 ./Drivers/STM32H7xx_HAL_Driver/Src/stm32h7xx_ll_sdmmc.o
                0x08009a2e                SDMMC_CmdSendCSD
 .text.SDMMC_CmdSetRelAdd
                0x08009a6e       0x44 ./Drivers/STM32H7xx_HAL_Driver/Src/stm32h7xx_ll_sdmmc.o
                0x08009a6e                SDMMC_CmdSetRelAdd
 .text.SDMMC_CmdSendStatus
                0x08009ab2       0x46 ./Drivers/STM32H7xx_HAL_Driver/Src/stm32h7xx_ll_sdmmc.o
                0x08009ab2                SDMMC_CmdSendStatus
 .text.SDMMC_CmdStatusRegister
                0x08009af8       0x44 ./Drivers/STM32H7xx_HAL_Driver/Src/stm32h7xx_ll_sdmmc.o
                0x08009af8                SDMMC_CmdStatusRegister
 .text.SDMMC_GetCmdResp1
                0x08009b3c      0x1e4 ./Drivers/STM32H7xx_HAL_Driver/Src/stm32h7xx_ll_sdmmc.o
                0x08009b3c                SDMMC_GetCmdResp1
 .text.SDMMC_GetCmdResp2
                0x08009d20       0x94 ./Drivers/STM32H7xx_HAL_Driver/Src/stm32h7xx_ll_sdmmc.o
                0x08009d20                SDMMC_GetCmdResp2
 .text.SDMMC_GetCmdResp3
                0x08009db4       0x80 ./Drivers/STM32H7xx_HAL_Driver/Src/stm32h7xx_ll_sdmmc.o
                0x08009db4                SDMMC_GetCmdResp3
 .text.SDMMC_GetCmdResp6
                0x08009e34       0xf0 ./Drivers/STM32H7xx_HAL_Driver/Src/stm32h7xx_ll_sdmmc.o
                0x08009e34                SDMMC_GetCmdResp6
 .text.SDMMC_GetCmdResp7
                0x08009f24       0x9c ./Drivers/STM32H7xx_HAL_Driver/Src/stm32h7xx_ll_sdmmc.o
                0x08009f24                SDMMC_GetCmdResp7
 .text.SDMMC_GetCmdError
                0x08009fc0       0x5c ./Drivers/STM32H7xx_HAL_Driver/Src/stm32h7xx_ll_sdmmc.o
 .text._spi_write
                0x0800a01c       0x60 ./Drivers/TCAN1146/Src/TCAN1146.o
 .text._spi_read
                0x0800a07c       0x6a ./Drivers/TCAN1146/Src/TCAN1146.o
 .text.TCAN1146_Init
                0x0800a0e6       0x8a ./Drivers/TCAN1146/Src/TCAN1146.o
                0x0800a0e6                TCAN1146_Init
 .text.TCAN1146_SetMode
                0x0800a170       0x80 ./Drivers/TCAN1146/Src/TCAN1146.o
                0x0800a170                TCAN1146_SetMode
 .text.memset   0x0800a1f0       0x10 C:/ST/STM32CubeIDE_1.15.1/STM32CubeIDE/plugins/com.st.stm32cube.ide.mcu.externaltools.gnu-tools-for-stm32.13.3.rel1.win32_1.0.0.202411081344/tools/bin/../lib/gcc/arm-none-eabi/13.3.1/../../../../arm-none-eabi/lib/thumb/v7e-m+dp/hard\libc_nano.a(libc_a-memset.o)
                0x0800a1f0                memset
 .text.__libc_init_array
                0x0800a200       0x48 C:/ST/STM32CubeIDE_1.15.1/STM32CubeIDE/plugins/com.st.stm32cube.ide.mcu.externaltools.gnu-tools-for-stm32.13.3.rel1.win32_1.0.0.202411081344/tools/bin/../lib/gcc/arm-none-eabi/13.3.1/../../../../arm-none-eabi/lib/thumb/v7e-m+dp/hard\libc_nano.a(libc_a-init.o)
                0x0800a200                __libc_init_array
 .text.memcpy   0x0800a248       0x1c C:/ST/STM32CubeIDE_1.15.1/STM32CubeIDE/plugins/com.st.stm32cube.ide.mcu.externaltools.gnu-tools-for-stm32.13.3.rel1.win32_1.0.0.202411081344/tools/bin/../lib/gcc/arm-none-eabi/13.3.1/../../../../arm-none-eabi/lib/thumb/v7e-m+dp/hard\libc_nano.a(libc_a-memcpy-stub.o)
                0x0800a248                memcpy
 *(.glue_7)
 .glue_7        0x0800a264        0x0 linker stubs
 *(.glue_7t)
 .glue_7t       0x0800a264        0x0 linker stubs
 *(.eh_frame)
 .eh_frame      0x0800a264        0x0 C:/ST/STM32CubeIDE_1.15.1/STM32CubeIDE/plugins/com.st.stm32cube.ide.mcu.externaltools.gnu-tools-for-stm32.13.3.rel1.win32_1.0.0.202411081344/tools/bin/../lib/gcc/arm-none-eabi/13.3.1/thumb/v7e-m+dp/hard/crtbegin.o
 *(.init)
 .init          0x0800a264        0x4 C:/ST/STM32CubeIDE_1.15.1/STM32CubeIDE/plugins/com.st.stm32cube.ide.mcu.externaltools.gnu-tools-for-stm32.13.3.rel1.win32_1.0.0.202411081344/tools/bin/../lib/gcc/arm-none-eabi/13.3.1/thumb/v7e-m+dp/hard/crti.o
                0x0800a264                _init
 .init          0x0800a268        0x8 C:/ST/STM32CubeIDE_1.15.1/STM32CubeIDE/plugins/com.st.stm32cube.ide.mcu.externaltools.gnu-tools-for-stm32.13.3.rel1.win32_1.0.0.202411081344/tools/bin/../lib/gcc/arm-none-eabi/13.3.1/thumb/v7e-m+dp/hard/crtn.o
 *(.fini)
 .fini          0x0800a270        0x4 C:/ST/STM32CubeIDE_1.15.1/STM32CubeIDE/plugins/com.st.stm32cube.ide.mcu.externaltools.gnu-tools-for-stm32.13.3.rel1.win32_1.0.0.202411081344/tools/bin/../lib/gcc/arm-none-eabi/13.3.1/thumb/v7e-m+dp/hard/crti.o
                0x0800a270                _fini
 .fini          0x0800a274        0x8 C:/ST/STM32CubeIDE_1.15.1/STM32CubeIDE/plugins/com.st.stm32cube.ide.mcu.externaltools.gnu-tools-for-stm32.13.3.rel1.win32_1.0.0.202411081344/tools/bin/../lib/gcc/arm-none-eabi/13.3.1/thumb/v7e-m+dp/hard/crtn.o
                0x0800a27c                        . = ALIGN (0x4)
                0x0800a27c                        _etext = .

.vfp11_veneer   0x0800a27c        0x0
 .vfp11_veneer  0x0800a27c        0x0 linker stubs

.v4_bx          0x0800a27c        0x0
 .v4_bx         0x0800a27c        0x0 linker stubs

.iplt           0x0800a27c        0x0
 .iplt          0x0800a27c        0x0 C:/ST/STM32CubeIDE_1.15.1/STM32CubeIDE/plugins/com.st.stm32cube.ide.mcu.externaltools.gnu-tools-for-stm32.13.3.rel1.win32_1.0.0.202411081344/tools/bin/../lib/gcc/arm-none-eabi/13.3.1/thumb/v7e-m+dp/hard/crtbegin.o

.rodata         0x0800a27c       0x5c
                0x0800a27c                        . = ALIGN (0x4)
 *(.rodata)
 .rodata        0x0800a27c       0x4c ./Drivers/STM32H7xx_HAL_Driver/Src/stm32h7xx_hal_fdcan.o
 *(.rodata*)
 .rodata.D1CorePrescTable
                0x0800a2c8       0x10 ./Core/Src/system_stm32h7xx.o
                0x0800a2c8                D1CorePrescTable
                0x0800a2d8                        . = ALIGN (0x4)

.ARM.extab
 *(.ARM.extab* .gnu.linkonce.armextab.*)

.ARM            0x0800a2d8        0x0
                0x0800a2d8                        __exidx_start = .
 *(.ARM.exidx*)
                0x0800a2d8                        __exidx_end = .

.preinit_array  0x0800a2d8        0x0
                0x0800a2d8                        PROVIDE (__preinit_array_start = .)
 *(.preinit_array*)
                0x0800a2d8                        PROVIDE (__preinit_array_end = .)

.init_array     0x0800a2d8        0x4
                0x0800a2d8                        PROVIDE (__init_array_start = .)
 *(SORT_BY_NAME(.init_array.*))
 *(.init_array*)
 .init_array    0x0800a2d8        0x4 C:/ST/STM32CubeIDE_1.15.1/STM32CubeIDE/plugins/com.st.stm32cube.ide.mcu.externaltools.gnu-tools-for-stm32.13.3.rel1.win32_1.0.0.202411081344/tools/bin/../lib/gcc/arm-none-eabi/13.3.1/thumb/v7e-m+dp/hard/crtbegin.o
                0x0800a2dc                        PROVIDE (__init_array_end = .)

.fini_array     0x0800a2dc        0x4
                [!provide]                        PROVIDE (__fini_array_start = .)
 *(SORT_BY_NAME(.fini_array.*))
 *(.fini_array*)
 .fini_array    0x0800a2dc        0x4 C:/ST/STM32CubeIDE_1.15.1/STM32CubeIDE/plugins/com.st.stm32cube.ide.mcu.externaltools.gnu-tools-for-stm32.13.3.rel1.win32_1.0.0.202411081344/tools/bin/../lib/gcc/arm-none-eabi/13.3.1/thumb/v7e-m+dp/hard/crtbegin.o
                [!provide]                        PROVIDE (__fini_array_end = .)
                0x0800a2e0                        _sidata = LOADADDR (.data)

.rel.dyn        0x0800a2e0        0x0
 .rel.iplt      0x0800a2e0        0x0 C:/ST/STM32CubeIDE_1.15.1/STM32CubeIDE/plugins/com.st.stm32cube.ide.mcu.externaltools.gnu-tools-for-stm32.13.3.rel1.win32_1.0.0.202411081344/tools/bin/../lib/gcc/arm-none-eabi/13.3.1/thumb/v7e-m+dp/hard/crtbegin.o

.data           0x24000000       0x88 load address 0x0800a2e0
                0x24000000                        . = ALIGN (0x4)
                0x24000000                        _sdata = .
 *(.data)
 *(.data*)
 .data.ADC_MOS_0
                0x24000000        0xc ./Core/Src/main.o
                0x24000000                ADC_MOS_0
 .data.ADC_MOS_1
                0x2400000c        0xc ./Core/Src/main.o
                0x2400000c                ADC_MOS_1
 .data.ADC_MOS_2
                0x24000018        0xc ./Core/Src/main.o
                0x24000018                ADC_MOS_2
 .data.ADC_MOS_3
                0x24000024        0xc ./Core/Src/main.o
                0x24000024                ADC_MOS_3
 .data.ADC_GEN_0
                0x24000030        0xc ./Core/Src/main.o
                0x24000030                ADC_GEN_0
 .data.ADC_GEN_1
                0x2400003c        0xc ./Core/Src/main.o
                0x2400003c                ADC_GEN_1
 .data.ADC_GEN_2
                0x24000048        0xc ./Core/Src/main.o
                0x24000048                ADC_GEN_2
 .data.MCP23017_0
                0x24000054        0x8 ./Core/Src/main.o
                0x24000054                MCP23017_0
 .data.MCP23017_1
                0x2400005c        0x8 ./Core/Src/main.o
                0x2400005c                MCP23017_1
 .data.tcan     0x24000064        0xc ./Core/Src/main.o
                0x24000064                tcan
 .data.wake_id  0x24000070        0x4 ./Core/Src/main.o
                0x24000070                wake_id
 .data.wake_payload
                0x24000074        0x2 ./Core/Src/main.o
                0x24000074                wake_payload
 .data.wake_payload_length
                0x24000076        0x1 ./Core/Src/main.o
                0x24000076                wake_payload_length
 *fill*         0x24000077        0x1 
 .data.SystemCoreClock
                0x24000078        0x4 ./Core/Src/system_stm32h7xx.o
                0x24000078                SystemCoreClock
 .data.SystemD2Clock
                0x2400007c        0x4 ./Core/Src/system_stm32h7xx.o
                0x2400007c                SystemD2Clock
 .data.uwTickPrio
                0x24000080        0x4 ./Drivers/STM32H7xx_HAL_Driver/Src/stm32h7xx_hal.o
                0x24000080                uwTickPrio
 .data.uwTickFreq
                0x24000084        0x1 ./Drivers/STM32H7xx_HAL_Driver/Src/stm32h7xx_hal.o
                0x24000084                uwTickFreq
 *(.RamFunc)
 *(.RamFunc*)
                0x24000088                        . = ALIGN (0x4)
 *fill*         0x24000085        0x3 
                0x24000088                        _edata = .

.igot.plt       0x24000088        0x0 load address 0x0800a368
 .igot.plt      0x24000088        0x0 C:/ST/STM32CubeIDE_1.15.1/STM32CubeIDE/plugins/com.st.stm32cube.ide.mcu.externaltools.gnu-tools-for-stm32.13.3.rel1.win32_1.0.0.202411081344/tools/bin/../lib/gcc/arm-none-eabi/13.3.1/thumb/v7e-m+dp/hard/crtbegin.o
                0x24000088                        . = ALIGN (0x4)

.bss            0x24000088      0x468 load address 0x0800a368
                0x24000088                        _sbss = .
                0x24000088                        __bss_start__ = _sbss
 *(.bss)
 .bss           0x24000088       0x1c C:/ST/STM32CubeIDE_1.15.1/STM32CubeIDE/plugins/com.st.stm32cube.ide.mcu.externaltools.gnu-tools-for-stm32.13.3.rel1.win32_1.0.0.202411081344/tools/bin/../lib/gcc/arm-none-eabi/13.3.1/thumb/v7e-m+dp/hard/crtbegin.o
 *(.bss*)
 .bss.hfdcan1   0x240000a4       0xa0 ./Core/Src/main.o
                0x240000a4                hfdcan1
 .bss.hi2c4     0x24000144       0x54 ./Core/Src/main.o
                0x24000144                hi2c4
 .bss.hsd1      0x24000198       0x7c ./Core/Src/main.o
                0x24000198                hsd1
 .bss.hspi4     0x24000214       0x88 ./Core/Src/main.o
                0x24000214                hspi4
 .bss.hspi6     0x2400029c       0x88 ./Core/Src/main.o
                0x2400029c                hspi6
 .bss.htim1     0x24000324       0x4c ./Core/Src/main.o
                0x24000324                htim1
 .bss.htim2     0x24000370       0x4c ./Core/Src/main.o
                0x24000370                htim2
 .bss.htim3     0x240003bc       0x4c ./Core/Src/main.o
                0x240003bc                htim3
 .bss.htim4     0x24000408       0x4c ./Core/Src/main.o
                0x24000408                htim4
 .bss.htim6     0x24000454       0x4c ./Core/Src/main.o
                0x24000454                htim6
 .bss.htim12    0x240004a0       0x4c ./Core/Src/main.o
                0x240004a0                htim12
 .bss.uwTick    0x240004ec        0x4 ./Drivers/STM32H7xx_HAL_Driver/Src/stm32h7xx_hal.o
                0x240004ec                uwTick
 *(COMMON)
                0x240004f0                        . = ALIGN (0x4)
                0x240004f0                        _ebss = .
                0x240004f0                        __bss_end__ = _ebss

._user_heap_stack
                0x240004f0      0x600 load address 0x0800a368
                0x240004f0                        . = ALIGN (0x8)
                [!provide]                        PROVIDE (end = .)
                0x240004f0                        PROVIDE (_end = .)
                0x240006f0                        . = (. + _Min_Heap_Size)
 *fill*         0x240004f0      0x200 
                0x24000af0                        . = (. + _Min_Stack_Size)
 *fill*         0x240006f0      0x400 
                0x24000af0                        . = ALIGN (0x8)

/DISCARD/
 libc.a(*)
 libm.a(*)
 libgcc.a(*)

.ARM.attributes
                0x00000000       0x2e
 *(.ARM.attributes)
 .ARM.attributes
                0x00000000       0x20 C:/ST/STM32CubeIDE_1.15.1/STM32CubeIDE/plugins/com.st.stm32cube.ide.mcu.externaltools.gnu-tools-for-stm32.13.3.rel1.win32_1.0.0.202411081344/tools/bin/../lib/gcc/arm-none-eabi/13.3.1/thumb/v7e-m+dp/hard/crti.o
 .ARM.attributes
                0x00000020       0x32 C:/ST/STM32CubeIDE_1.15.1/STM32CubeIDE/plugins/com.st.stm32cube.ide.mcu.externaltools.gnu-tools-for-stm32.13.3.rel1.win32_1.0.0.202411081344/tools/bin/../lib/gcc/arm-none-eabi/13.3.1/thumb/v7e-m+dp/hard/crtbegin.o
 .ARM.attributes
                0x00000052       0x32 ./Core/Src/main.o
 .ARM.attributes
                0x00000084       0x32 ./Core/Src/stm32h7xx_hal_msp.o
 .ARM.attributes
                0x000000b6       0x32 ./Core/Src/stm32h7xx_it.o
 .ARM.attributes
                0x000000e8       0x32 ./Core/Src/system_stm32h7xx.o
 .ARM.attributes
                0x0000011a       0x21 ./Core/Startup/startup_stm32h730vbtx.o
 .ARM.attributes
                0x0000013b       0x32 ./Drivers/ADC108S022/Src/ADC108S022.o
 .ARM.attributes
                0x0000016d       0x32 ./Drivers/MCP23017/Src/MCP23017.o
 .ARM.attributes
                0x0000019f       0x32 ./Drivers/STM32H7xx_HAL_Driver/Src/stm32h7xx_hal.o
 .ARM.attributes
                0x000001d1       0x32 ./Drivers/STM32H7xx_HAL_Driver/Src/stm32h7xx_hal_cortex.o
 .ARM.attributes
                0x00000203       0x32 ./Drivers/STM32H7xx_HAL_Driver/Src/stm32h7xx_hal_fdcan.o
 .ARM.attributes
                0x00000235       0x32 ./Drivers/STM32H7xx_HAL_Driver/Src/stm32h7xx_hal_gpio.o
 .ARM.attributes
                0x00000267       0x32 ./Drivers/STM32H7xx_HAL_Driver/Src/stm32h7xx_hal_i2c.o
 .ARM.attributes
                0x00000299       0x32 ./Drivers/STM32H7xx_HAL_Driver/Src/stm32h7xx_hal_i2c_ex.o
 .ARM.attributes
                0x000002cb       0x32 ./Drivers/STM32H7xx_HAL_Driver/Src/stm32h7xx_hal_pwr_ex.o
 .ARM.attributes
                0x000002fd       0x32 ./Drivers/STM32H7xx_HAL_Driver/Src/stm32h7xx_hal_rcc.o
 .ARM.attributes
                0x0000032f       0x32 ./Drivers/STM32H7xx_HAL_Driver/Src/stm32h7xx_hal_rcc_ex.o
 .ARM.attributes
                0x00000361       0x32 ./Drivers/STM32H7xx_HAL_Driver/Src/stm32h7xx_hal_sd.o
 .ARM.attributes
                0x00000393       0x32 ./Drivers/STM32H7xx_HAL_Driver/Src/stm32h7xx_hal_spi.o
 .ARM.attributes
                0x000003c5       0x32 ./Drivers/STM32H7xx_HAL_Driver/Src/stm32h7xx_hal_tim.o
 .ARM.attributes
                0x000003f7       0x32 ./Drivers/STM32H7xx_HAL_Driver/Src/stm32h7xx_hal_tim_ex.o
 .ARM.attributes
                0x00000429       0x32 ./Drivers/STM32H7xx_HAL_Driver/Src/stm32h7xx_ll_sdmmc.o
 .ARM.attributes
                0x0000045b       0x32 ./Drivers/TCAN1146/Src/TCAN1146.o
 .ARM.attributes
                0x0000048d       0x32 C:/ST/STM32CubeIDE_1.15.1/STM32CubeIDE/plugins/com.st.stm32cube.ide.mcu.externaltools.gnu-tools-for-stm32.13.3.rel1.win32_1.0.0.202411081344/tools/bin/../lib/gcc/arm-none-eabi/13.3.1/../../../../arm-none-eabi/lib/thumb/v7e-m+dp/hard\libc_nano.a(libc_a-memset.o)
 .ARM.attributes
                0x000004bf       0x32 C:/ST/STM32CubeIDE_1.15.1/STM32CubeIDE/plugins/com.st.stm32cube.ide.mcu.externaltools.gnu-tools-for-stm32.13.3.rel1.win32_1.0.0.202411081344/tools/bin/../lib/gcc/arm-none-eabi/13.3.1/../../../../arm-none-eabi/lib/thumb/v7e-m+dp/hard\libc_nano.a(libc_a-init.o)
 .ARM.attributes
                0x000004f1       0x32 C:/ST/STM32CubeIDE_1.15.1/STM32CubeIDE/plugins/com.st.stm32cube.ide.mcu.externaltools.gnu-tools-for-stm32.13.3.rel1.win32_1.0.0.202411081344/tools/bin/../lib/gcc/arm-none-eabi/13.3.1/../../../../arm-none-eabi/lib/thumb/v7e-m+dp/hard\libc_nano.a(libc_a-memcpy-stub.o)
 .ARM.attributes
                0x00000523       0x20 C:/ST/STM32CubeIDE_1.15.1/STM32CubeIDE/plugins/com.st.stm32cube.ide.mcu.externaltools.gnu-tools-for-stm32.13.3.rel1.win32_1.0.0.202411081344/tools/bin/../lib/gcc/arm-none-eabi/13.3.1/thumb/v7e-m+dp/hard/crtn.o
OUTPUT(BCM_ECU_revA.elf elf32-littlearm)
LOAD linker stubs
LOAD C:/ST/STM32CubeIDE_1.15.1/STM32CubeIDE/plugins/com.st.stm32cube.ide.mcu.externaltools.gnu-tools-for-stm32.13.3.rel1.win32_1.0.0.202411081344/tools/bin/../lib/gcc/arm-none-eabi/13.3.1/../../../../arm-none-eabi/lib/thumb/v7e-m+dp/hard\libc.a
LOAD C:/ST/STM32CubeIDE_1.15.1/STM32CubeIDE/plugins/com.st.stm32cube.ide.mcu.externaltools.gnu-tools-for-stm32.13.3.rel1.win32_1.0.0.202411081344/tools/bin/../lib/gcc/arm-none-eabi/13.3.1/../../../../arm-none-eabi/lib/thumb/v7e-m+dp/hard\libm.a
LOAD C:/ST/STM32CubeIDE_1.15.1/STM32CubeIDE/plugins/com.st.stm32cube.ide.mcu.externaltools.gnu-tools-for-stm32.13.3.rel1.win32_1.0.0.202411081344/tools/bin/../lib/gcc/arm-none-eabi/13.3.1/thumb/v7e-m+dp/hard\libgcc.a

.debug_info     0x00000000    0x1ce88
 .debug_info    0x00000000     0x2daf ./Core/Src/main.o
 .debug_info    0x00002daf     0x29dd ./Core/Src/stm32h7xx_hal_msp.o
 .debug_info    0x0000578c      0x81d ./Core/Src/stm32h7xx_it.o
 .debug_info    0x00005fa9      0xbf0 ./Core/Src/system_stm32h7xx.o
 .debug_info    0x00006b99       0x30 ./Core/Startup/startup_stm32h730vbtx.o
 .debug_info    0x00006bc9      0x9ec ./Drivers/ADC108S022/Src/ADC108S022.o
 .debug_info    0x000075b5      0x98e ./Drivers/MCP23017/Src/MCP23017.o
 .debug_info    0x00007f43     0x16aa ./Drivers/STM32H7xx_HAL_Driver/Src/stm32h7xx_hal.o
 .debug_info    0x000095ed     0x10b7 ./Drivers/STM32H7xx_HAL_Driver/Src/stm32h7xx_hal_cortex.o
 .debug_info    0x0000a6a4     0x2baf ./Drivers/STM32H7xx_HAL_Driver/Src/stm32h7xx_hal_fdcan.o
 .debug_info    0x0000d253      0xc6b ./Drivers/STM32H7xx_HAL_Driver/Src/stm32h7xx_hal_gpio.o
 .debug_info    0x0000debe     0x22c9 ./Drivers/STM32H7xx_HAL_Driver/Src/stm32h7xx_hal_i2c.o
 .debug_info    0x00010187      0xd95 ./Drivers/STM32H7xx_HAL_Driver/Src/stm32h7xx_hal_i2c_ex.o
 .debug_info    0x00010f1c      0xdce ./Drivers/STM32H7xx_HAL_Driver/Src/stm32h7xx_hal_pwr_ex.o
 .debug_info    0x00011cea      0xd82 ./Drivers/STM32H7xx_HAL_Driver/Src/stm32h7xx_hal_rcc.o
 .debug_info    0x00012a6c     0x120b ./Drivers/STM32H7xx_HAL_Driver/Src/stm32h7xx_hal_rcc_ex.o
 .debug_info    0x00013c77     0x1a93 ./Drivers/STM32H7xx_HAL_Driver/Src/stm32h7xx_hal_sd.o
 .debug_info    0x0001570a     0x144a ./Drivers/STM32H7xx_HAL_Driver/Src/stm32h7xx_hal_spi.o
 .debug_info    0x00016b54     0x2bae ./Drivers/STM32H7xx_HAL_Driver/Src/stm32h7xx_hal_tim.o
 .debug_info    0x00019702     0x18c1 ./Drivers/STM32H7xx_HAL_Driver/Src/stm32h7xx_hal_tim_ex.o
 .debug_info    0x0001afc3     0x142c ./Drivers/STM32H7xx_HAL_Driver/Src/stm32h7xx_ll_sdmmc.o
 .debug_info    0x0001c3ef      0xa99 ./Drivers/TCAN1146/Src/TCAN1146.o

.debug_abbrev   0x00000000     0x311f
 .debug_abbrev  0x00000000      0x324 ./Core/Src/main.o
 .debug_abbrev  0x00000324      0x2af ./Core/Src/stm32h7xx_hal_msp.o
 .debug_abbrev  0x000005d3      0x190 ./Core/Src/stm32h7xx_it.o
 .debug_abbrev  0x00000763      0x153 ./Core/Src/system_stm32h7xx.o
 .debug_abbrev  0x000008b6       0x24 ./Core/Startup/startup_stm32h730vbtx.o
 .debug_abbrev  0x000008da      0x20a ./Drivers/ADC108S022/Src/ADC108S022.o
 .debug_abbrev  0x00000ae4      0x1d3 ./Drivers/MCP23017/Src/MCP23017.o
 .debug_abbrev  0x00000cb7      0x29e ./Drivers/STM32H7xx_HAL_Driver/Src/stm32h7xx_hal.o
 .debug_abbrev  0x00000f55      0x339 ./Drivers/STM32H7xx_HAL_Driver/Src/stm32h7xx_hal_cortex.o
 .debug_abbrev  0x0000128e      0x288 ./Drivers/STM32H7xx_HAL_Driver/Src/stm32h7xx_hal_fdcan.o
 .debug_abbrev  0x00001516      0x205 ./Drivers/STM32H7xx_HAL_Driver/Src/stm32h7xx_hal_gpio.o
 .debug_abbrev  0x0000171b      0x25d ./Drivers/STM32H7xx_HAL_Driver/Src/stm32h7xx_hal_i2c.o
 .debug_abbrev  0x00001978      0x1f5 ./Drivers/STM32H7xx_HAL_Driver/Src/stm32h7xx_hal_i2c_ex.o
 .debug_abbrev  0x00001b6d      0x295 ./Drivers/STM32H7xx_HAL_Driver/Src/stm32h7xx_hal_pwr_ex.o
 .debug_abbrev  0x00001e02      0x2b1 ./Drivers/STM32H7xx_HAL_Driver/Src/stm32h7xx_hal_rcc.o
 .debug_abbrev  0x000020b3      0x269 ./Drivers/STM32H7xx_HAL_Driver/Src/stm32h7xx_hal_rcc_ex.o
 .debug_abbrev  0x0000231c      0x26b ./Drivers/STM32H7xx_HAL_Driver/Src/stm32h7xx_hal_sd.o
 .debug_abbrev  0x00002587      0x2b1 ./Drivers/STM32H7xx_HAL_Driver/Src/stm32h7xx_hal_spi.o
 .debug_abbrev  0x00002838      0x276 ./Drivers/STM32H7xx_HAL_Driver/Src/stm32h7xx_hal_tim.o
 .debug_abbrev  0x00002aae      0x296 ./Drivers/STM32H7xx_HAL_Driver/Src/stm32h7xx_hal_tim_ex.o
 .debug_abbrev  0x00002d44      0x206 ./Drivers/STM32H7xx_HAL_Driver/Src/stm32h7xx_ll_sdmmc.o
 .debug_abbrev  0x00002f4a      0x1d5 ./Drivers/TCAN1146/Src/TCAN1146.o

.debug_aranges  0x00000000     0x1950
 .debug_aranges
                0x00000000       0xa8 ./Core/Src/main.o
 .debug_aranges
                0x000000a8       0x88 ./Core/Src/stm32h7xx_hal_msp.o
 .debug_aranges
                0x00000130       0x68 ./Core/Src/stm32h7xx_it.o
 .debug_aranges
                0x00000198       0x30 ./Core/Src/system_stm32h7xx.o
 .debug_aranges
                0x000001c8       0x28 ./Core/Startup/startup_stm32h730vbtx.o
 .debug_aranges
                0x000001f0       0x40 ./Drivers/ADC108S022/Src/ADC108S022.o
 .debug_aranges
                0x00000230       0x50 ./Drivers/MCP23017/Src/MCP23017.o
 .debug_aranges
                0x00000280      0x1c8 ./Drivers/STM32H7xx_HAL_Driver/Src/stm32h7xx_hal.o
 .debug_aranges
                0x00000448      0x130 ./Drivers/STM32H7xx_HAL_Driver/Src/stm32h7xx_hal_cortex.o
 .debug_aranges
                0x00000578      0x338 ./Drivers/STM32H7xx_HAL_Driver/Src/stm32h7xx_hal_fdcan.o
 .debug_aranges
                0x000008b0       0x58 ./Drivers/STM32H7xx_HAL_Driver/Src/stm32h7xx_hal_gpio.o
 .debug_aranges
                0x00000908      0x2a0 ./Drivers/STM32H7xx_HAL_Driver/Src/stm32h7xx_hal_i2c.o
 .debug_aranges
                0x00000ba8       0x48 ./Drivers/STM32H7xx_HAL_Driver/Src/stm32h7xx_hal_i2c_ex.o
 .debug_aranges
                0x00000bf0      0x148 ./Drivers/STM32H7xx_HAL_Driver/Src/stm32h7xx_hal_pwr_ex.o
 .debug_aranges
                0x00000d38       0x88 ./Drivers/STM32H7xx_HAL_Driver/Src/stm32h7xx_hal_rcc.o
 .debug_aranges
                0x00000dc0       0xf8 ./Drivers/STM32H7xx_HAL_Driver/Src/stm32h7xx_hal_rcc_ex.o
 .debug_aranges
                0x00000eb8      0x170 ./Drivers/STM32H7xx_HAL_Driver/Src/stm32h7xx_hal_sd.o
 .debug_aranges
                0x00001028      0x1a8 ./Drivers/STM32H7xx_HAL_Driver/Src/stm32h7xx_hal_spi.o
 .debug_aranges
                0x000011d0      0x3e0 ./Drivers/STM32H7xx_HAL_Driver/Src/stm32h7xx_hal_tim.o
 .debug_aranges
                0x000015b0      0x198 ./Drivers/STM32H7xx_HAL_Driver/Src/stm32h7xx_hal_tim_ex.o
 .debug_aranges
                0x00001748      0x1d0 ./Drivers/STM32H7xx_HAL_Driver/Src/stm32h7xx_ll_sdmmc.o
 .debug_aranges
                0x00001918       0x38 ./Drivers/TCAN1146/Src/TCAN1146.o

.debug_rnglists
                0x00000000     0x13b6
 .debug_rnglists
                0x00000000       0x84 ./Core/Src/main.o
 .debug_rnglists
                0x00000084       0x68 ./Core/Src/stm32h7xx_hal_msp.o
 .debug_rnglists
                0x000000ec       0x49 ./Core/Src/stm32h7xx_it.o
 .debug_rnglists
                0x00000135       0x21 ./Core/Src/system_stm32h7xx.o
 .debug_rnglists
                0x00000156       0x19 ./Core/Startup/startup_stm32h730vbtx.o
 .debug_rnglists
                0x0000016f       0x2b ./Drivers/ADC108S022/Src/ADC108S022.o
 .debug_rnglists
                0x0000019a       0x37 ./Drivers/MCP23017/Src/MCP23017.o
 .debug_rnglists
                0x000001d1      0x155 ./Drivers/STM32H7xx_HAL_Driver/Src/stm32h7xx_hal.o
 .debug_rnglists
                0x00000326       0xe0 ./Drivers/STM32H7xx_HAL_Driver/Src/stm32h7xx_hal_cortex.o
 .debug_rnglists
                0x00000406      0x28b ./Drivers/STM32H7xx_HAL_Driver/Src/stm32h7xx_hal_fdcan.o
 .debug_rnglists
                0x00000691       0x3f ./Drivers/STM32H7xx_HAL_Driver/Src/stm32h7xx_hal_gpio.o
 .debug_rnglists
                0x000006d0      0x22a ./Drivers/STM32H7xx_HAL_Driver/Src/stm32h7xx_hal_i2c.o
 .debug_rnglists
                0x000008fa       0x35 ./Drivers/STM32H7xx_HAL_Driver/Src/stm32h7xx_hal_i2c_ex.o
 .debug_rnglists
                0x0000092f       0xf5 ./Drivers/STM32H7xx_HAL_Driver/Src/stm32h7xx_hal_pwr_ex.o
 .debug_rnglists
                0x00000a24       0x68 ./Drivers/STM32H7xx_HAL_Driver/Src/stm32h7xx_hal_rcc.o
 .debug_rnglists
                0x00000a8c       0xc0 ./Drivers/STM32H7xx_HAL_Driver/Src/stm32h7xx_hal_rcc_ex.o
 .debug_rnglists
                0x00000b4c      0x128 ./Drivers/STM32H7xx_HAL_Driver/Src/stm32h7xx_hal_sd.o
 .debug_rnglists
                0x00000c74      0x148 ./Drivers/STM32H7xx_HAL_Driver/Src/stm32h7xx_hal_spi.o
 .debug_rnglists
                0x00000dbc      0x328 ./Drivers/STM32H7xx_HAL_Driver/Src/stm32h7xx_hal_tim.o
 .debug_rnglists
                0x000010e4      0x14d ./Drivers/STM32H7xx_HAL_Driver/Src/stm32h7xx_hal_tim_ex.o
 .debug_rnglists
                0x00001231      0x15e ./Drivers/STM32H7xx_HAL_Driver/Src/stm32h7xx_ll_sdmmc.o
 .debug_rnglists
                0x0000138f       0x27 ./Drivers/TCAN1146/Src/TCAN1146.o

.debug_macro    0x00000000    0x36a3c
 .debug_macro   0x00000000      0x31f ./Core/Src/main.o
 .debug_macro   0x0000031f      0xaf6 ./Core/Src/main.o
 .debug_macro   0x00000e15      0x244 ./Core/Src/main.o
 .debug_macro   0x00001059       0x2e ./Core/Src/main.o
 .debug_macro   0x00001087       0x3b ./Core/Src/main.o
 .debug_macro   0x000010c2       0x22 ./Core/Src/main.o
 .debug_macro   0x000010e4       0x8e ./Core/Src/main.o
 .debug_macro   0x00001172       0x51 ./Core/Src/main.o
 .debug_macro   0x000011c3      0x103 ./Core/Src/main.o
 .debug_macro   0x000012c6       0x6a ./Core/Src/main.o
 .debug_macro   0x00001330      0x1df ./Core/Src/main.o
 .debug_macro   0x0000150f       0x1c ./Core/Src/main.o
 .debug_macro   0x0000152b       0x22 ./Core/Src/main.o
 .debug_macro   0x0000154d       0xfb ./Core/Src/main.o
 .debug_macro   0x00001648     0x1305 ./Core/Src/main.o
 .debug_macro   0x0000294d      0x11f ./Core/Src/main.o
 .debug_macro   0x00002a6c       0x27 ./Core/Src/main.o
 .debug_macro   0x00002a93    0x220e5 ./Core/Src/main.o
 .debug_macro   0x00024b78       0x6d ./Core/Src/main.o
 .debug_macro   0x00024be5     0x3d64 ./Core/Src/main.o
 .debug_macro   0x00028949      0x190 ./Core/Src/main.o
 .debug_macro   0x00028ad9       0x61 ./Core/Src/main.o
 .debug_macro   0x00028b3a       0x29 ./Core/Src/main.o
 .debug_macro   0x00028b63       0x43 ./Core/Src/main.o
 .debug_macro   0x00028ba6       0x34 ./Core/Src/main.o
 .debug_macro   0x00028bda      0x370 ./Core/Src/main.o
 .debug_macro   0x00028f4a       0x16 ./Core/Src/main.o
 .debug_macro   0x00028f60       0x4a ./Core/Src/main.o
 .debug_macro   0x00028faa       0x34 ./Core/Src/main.o
 .debug_macro   0x00028fde       0x10 ./Core/Src/main.o
 .debug_macro   0x00028fee       0x58 ./Core/Src/main.o
 .debug_macro   0x00029046       0x8e ./Core/Src/main.o
 .debug_macro   0x000290d4       0x1c ./Core/Src/main.o
 .debug_macro   0x000290f0      0x185 ./Core/Src/main.o
 .debug_macro   0x00029275      0x19b ./Core/Src/main.o
 .debug_macro   0x00029410       0x5d ./Core/Src/main.o
 .debug_macro   0x0002946d     0x257a ./Core/Src/main.o
 .debug_macro   0x0002b9e7     0x1079 ./Core/Src/main.o
 .debug_macro   0x0002ca60      0x154 ./Core/Src/main.o
 .debug_macro   0x0002cbb4      0x114 ./Core/Src/main.o
 .debug_macro   0x0002ccc8      0x3fc ./Core/Src/main.o
 .debug_macro   0x0002d0c4       0xac ./Core/Src/main.o
 .debug_macro   0x0002d170      0x788 ./Core/Src/main.o
 .debug_macro   0x0002d8f8      0x228 ./Core/Src/main.o
 .debug_macro   0x0002db20       0x66 ./Core/Src/main.o
 .debug_macro   0x0002db86      0x3a6 ./Core/Src/main.o
 .debug_macro   0x0002df2c      0x3f9 ./Core/Src/main.o
 .debug_macro   0x0002e325      0x275 ./Core/Src/main.o
 .debug_macro   0x0002e59a      0xe42 ./Core/Src/main.o
 .debug_macro   0x0002f3dc      0x3ca ./Core/Src/main.o
 .debug_macro   0x0002f7a6      0x45c ./Core/Src/main.o
 .debug_macro   0x0002fc02       0x3c ./Core/Src/main.o
 .debug_macro   0x0002fc3e       0x4a ./Core/Src/main.o
 .debug_macro   0x0002fc88      0x22c ./Core/Src/main.o
 .debug_macro   0x0002feb4       0x67 ./Core/Src/main.o
 .debug_macro   0x0002ff1b       0xa5 ./Core/Src/main.o
 .debug_macro   0x0002ffc0      0x1c4 ./Core/Src/main.o
 .debug_macro   0x00030184      0x22a ./Core/Src/main.o
 .debug_macro   0x000303ae       0x35 ./Core/Src/main.o
 .debug_macro   0x000303e3      0xa0c ./Core/Src/main.o
 .debug_macro   0x00030def       0x16 ./Core/Src/main.o
 .debug_macro   0x00030e05      0x1ce ./Core/Src/main.o
 .debug_macro   0x00030fd3      0x5e4 ./Core/Src/main.o
 .debug_macro   0x000315b7       0xc1 ./Core/Src/main.o
 .debug_macro   0x00031678      0xb24 ./Core/Src/main.o
 .debug_macro   0x0003219c      0x29f ./Core/Src/main.o
 .debug_macro   0x0003243b      0x5f2 ./Core/Src/main.o
 .debug_macro   0x00032a2d      0x2b6 ./Core/Src/main.o
 .debug_macro   0x00032ce3       0x34 ./Core/Src/main.o
 .debug_macro   0x00032d17      0x2f4 ./Core/Src/stm32h7xx_hal_msp.o
 .debug_macro   0x0003300b      0x2fe ./Core/Src/stm32h7xx_it.o
 .debug_macro   0x00033309      0x2e5 ./Core/Src/system_stm32h7xx.o
 .debug_macro   0x000335ee      0x2ef ./Drivers/ADC108S022/Src/ADC108S022.o
 .debug_macro   0x000338dd      0x2ee ./Drivers/MCP23017/Src/MCP23017.o
 .debug_macro   0x00033bcb       0x34 ./Drivers/MCP23017/Src/MCP23017.o
 .debug_macro   0x00033bff      0x30f ./Drivers/STM32H7xx_HAL_Driver/Src/stm32h7xx_hal.o
 .debug_macro   0x00033f0e      0x2e5 ./Drivers/STM32H7xx_HAL_Driver/Src/stm32h7xx_hal_cortex.o
 .debug_macro   0x000341f3      0x3aa ./Drivers/STM32H7xx_HAL_Driver/Src/stm32h7xx_hal_fdcan.o
 .debug_macro   0x0003459d      0x2ec ./Drivers/STM32H7xx_HAL_Driver/Src/stm32h7xx_hal_gpio.o
 .debug_macro   0x00034889      0x3b1 ./Drivers/STM32H7xx_HAL_Driver/Src/stm32h7xx_hal_i2c.o
 .debug_macro   0x00034c3a      0x2e5 ./Drivers/STM32H7xx_HAL_Driver/Src/stm32h7xx_hal_i2c_ex.o
 .debug_macro   0x00034f1f      0x31e ./Drivers/STM32H7xx_HAL_Driver/Src/stm32h7xx_hal_pwr_ex.o
 .debug_macro   0x0003523d      0x309 ./Drivers/STM32H7xx_HAL_Driver/Src/stm32h7xx_hal_rcc.o
 .debug_macro   0x00035546      0x303 ./Drivers/STM32H7xx_HAL_Driver/Src/stm32h7xx_hal_rcc_ex.o
 .debug_macro   0x00035849      0x302 ./Drivers/STM32H7xx_HAL_Driver/Src/stm32h7xx_hal_sd.o
 .debug_macro   0x00035b4b      0x2ed ./Drivers/STM32H7xx_HAL_Driver/Src/stm32h7xx_hal_spi.o
 .debug_macro   0x00035e38      0x2e6 ./Drivers/STM32H7xx_HAL_Driver/Src/stm32h7xx_hal_tim.o
 .debug_macro   0x0003611e      0x2eb ./Drivers/STM32H7xx_HAL_Driver/Src/stm32h7xx_hal_tim_ex.o
 .debug_macro   0x00036409      0x2e6 ./Drivers/STM32H7xx_HAL_Driver/Src/stm32h7xx_ll_sdmmc.o
 .debug_macro   0x000366ef      0x337 ./Drivers/TCAN1146/Src/TCAN1146.o
 .debug_macro   0x00036a26       0x16 ./Drivers/TCAN1146/Src/TCAN1146.o

.debug_line     0x00000000    0x1ebb4
 .debug_line    0x00000000     0x1065 ./Core/Src/main.o
 .debug_line    0x00001065      0xcb8 ./Core/Src/stm32h7xx_hal_msp.o
 .debug_line    0x00001d1d      0xa1c ./Core/Src/stm32h7xx_it.o
 .debug_line    0x00002739      0xb49 ./Core/Src/system_stm32h7xx.o
 .debug_line    0x00003282       0x7b ./Core/Startup/startup_stm32h730vbtx.o
 .debug_line    0x000032fd      0x9ec ./Drivers/ADC108S022/Src/ADC108S022.o
 .debug_line    0x00003ce9      0xacf ./Drivers/MCP23017/Src/MCP23017.o
 .debug_line    0x000047b8      0xfbe ./Drivers/STM32H7xx_HAL_Driver/Src/stm32h7xx_hal.o
 .debug_line    0x00005776      0xf17 ./Drivers/STM32H7xx_HAL_Driver/Src/stm32h7xx_hal_cortex.o
 .debug_line    0x0000668d     0x29b8 ./Drivers/STM32H7xx_HAL_Driver/Src/stm32h7xx_hal_fdcan.o
 .debug_line    0x00009045      0xda2 ./Drivers/STM32H7xx_HAL_Driver/Src/stm32h7xx_hal_gpio.o
 .debug_line    0x00009de7     0x3ca4 ./Drivers/STM32H7xx_HAL_Driver/Src/stm32h7xx_hal_i2c.o
 .debug_line    0x0000da8b      0xabb ./Drivers/STM32H7xx_HAL_Driver/Src/stm32h7xx_hal_i2c_ex.o
 .debug_line    0x0000e546      0xffc ./Drivers/STM32H7xx_HAL_Driver/Src/stm32h7xx_hal_pwr_ex.o
 .debug_line    0x0000f542     0x153b ./Drivers/STM32H7xx_HAL_Driver/Src/stm32h7xx_hal_rcc.o
 .debug_line    0x00010a7d     0x1def ./Drivers/STM32H7xx_HAL_Driver/Src/stm32h7xx_hal_rcc_ex.o
 .debug_line    0x0001286c     0x2231 ./Drivers/STM32H7xx_HAL_Driver/Src/stm32h7xx_hal_sd.o
 .debug_line    0x00014a9d     0x22bf ./Drivers/STM32H7xx_HAL_Driver/Src/stm32h7xx_hal_spi.o
 .debug_line    0x00016d5c     0x410d ./Drivers/STM32H7xx_HAL_Driver/Src/stm32h7xx_hal_tim.o
 .debug_line    0x0001ae69     0x1f4b ./Drivers/STM32H7xx_HAL_Driver/Src/stm32h7xx_hal_tim_ex.o
 .debug_line    0x0001cdb4     0x13ba ./Drivers/STM32H7xx_HAL_Driver/Src/stm32h7xx_ll_sdmmc.o
 .debug_line    0x0001e16e      0xa46 ./Drivers/TCAN1146/Src/TCAN1146.o

.debug_str      0x00000000   0x160424
 .debug_str     0x00000000   0x160424 ./Core/Src/main.o
                             0x158fde (size before relaxing)
 .debug_str     0x00160424   0x15908e ./Core/Src/stm32h7xx_hal_msp.o
 .debug_str     0x00160424   0x1575cc ./Core/Src/stm32h7xx_it.o
 .debug_str     0x00160424   0x1567db ./Core/Src/system_stm32h7xx.o
 .debug_str     0x00160424       0xba ./Core/Startup/startup_stm32h730vbtx.o
 .debug_str     0x00160424   0x156a24 ./Drivers/ADC108S022/Src/ADC108S022.o
 .debug_str     0x00160424   0x156a36 ./Drivers/MCP23017/Src/MCP23017.o
 .debug_str     0x00160424   0x15784f ./Drivers/STM32H7xx_HAL_Driver/Src/stm32h7xx_hal.o
 .debug_str     0x00160424   0x157169 ./Drivers/STM32H7xx_HAL_Driver/Src/stm32h7xx_hal_cortex.o
 .debug_str     0x00160424   0x15851c ./Drivers/STM32H7xx_HAL_Driver/Src/stm32h7xx_hal_fdcan.o
 .debug_str     0x00160424   0x1567e7 ./Drivers/STM32H7xx_HAL_Driver/Src/stm32h7xx_hal_gpio.o
 .debug_str     0x00160424   0x157886 ./Drivers/STM32H7xx_HAL_Driver/Src/stm32h7xx_hal_i2c.o
 .debug_str     0x00160424   0x156c2c ./Drivers/STM32H7xx_HAL_Driver/Src/stm32h7xx_hal_i2c_ex.o
 .debug_str     0x00160424   0x156bef ./Drivers/STM32H7xx_HAL_Driver/Src/stm32h7xx_hal_pwr_ex.o
 .debug_str     0x00160424   0x156b6a ./Drivers/STM32H7xx_HAL_Driver/Src/stm32h7xx_hal_rcc.o
 .debug_str     0x00160424   0x157082 ./Drivers/STM32H7xx_HAL_Driver/Src/stm32h7xx_hal_rcc_ex.o
 .debug_str     0x00160424   0x1571c4 ./Drivers/STM32H7xx_HAL_Driver/Src/stm32h7xx_hal_sd.o
 .debug_str     0x00160424   0x156eed ./Drivers/STM32H7xx_HAL_Driver/Src/stm32h7xx_hal_spi.o
 .debug_str     0x00160424   0x157968 ./Drivers/STM32H7xx_HAL_Driver/Src/stm32h7xx_hal_tim.o
 .debug_str     0x00160424   0x157315 ./Drivers/STM32H7xx_HAL_Driver/Src/stm32h7xx_hal_tim_ex.o
 .debug_str     0x00160424   0x156a4a ./Drivers/STM32H7xx_HAL_Driver/Src/stm32h7xx_ll_sdmmc.o
 .debug_str     0x00160424   0x156b75 ./Drivers/TCAN1146/Src/TCAN1146.o

.comment        0x00000000       0x43
 .comment       0x00000000       0x43 ./Core/Src/main.o
                                 0x44 (size before relaxing)
 .comment       0x00000043       0x44 ./Core/Src/stm32h7xx_hal_msp.o
 .comment       0x00000043       0x44 ./Core/Src/stm32h7xx_it.o
 .comment       0x00000043       0x44 ./Core/Src/system_stm32h7xx.o
 .comment       0x00000043       0x44 ./Drivers/ADC108S022/Src/ADC108S022.o
 .comment       0x00000043       0x44 ./Drivers/MCP23017/Src/MCP23017.o
 .comment       0x00000043       0x44 ./Drivers/STM32H7xx_HAL_Driver/Src/stm32h7xx_hal.o
 .comment       0x00000043       0x44 ./Drivers/STM32H7xx_HAL_Driver/Src/stm32h7xx_hal_cortex.o
 .comment       0x00000043       0x44 ./Drivers/STM32H7xx_HAL_Driver/Src/stm32h7xx_hal_fdcan.o
 .comment       0x00000043       0x44 ./Drivers/STM32H7xx_HAL_Driver/Src/stm32h7xx_hal_gpio.o
 .comment       0x00000043       0x44 ./Drivers/STM32H7xx_HAL_Driver/Src/stm32h7xx_hal_i2c.o
 .comment       0x00000043       0x44 ./Drivers/STM32H7xx_HAL_Driver/Src/stm32h7xx_hal_i2c_ex.o
 .comment       0x00000043       0x44 ./Drivers/STM32H7xx_HAL_Driver/Src/stm32h7xx_hal_pwr_ex.o
 .comment       0x00000043       0x44 ./Drivers/STM32H7xx_HAL_Driver/Src/stm32h7xx_hal_rcc.o
 .comment       0x00000043       0x44 ./Drivers/STM32H7xx_HAL_Driver/Src/stm32h7xx_hal_rcc_ex.o
 .comment       0x00000043       0x44 ./Drivers/STM32H7xx_HAL_Driver/Src/stm32h7xx_hal_sd.o
 .comment       0x00000043       0x44 ./Drivers/STM32H7xx_HAL_Driver/Src/stm32h7xx_hal_spi.o
 .comment       0x00000043       0x44 ./Drivers/STM32H7xx_HAL_Driver/Src/stm32h7xx_hal_tim.o
 .comment       0x00000043       0x44 ./Drivers/STM32H7xx_HAL_Driver/Src/stm32h7xx_hal_tim_ex.o
 .comment       0x00000043       0x44 ./Drivers/STM32H7xx_HAL_Driver/Src/stm32h7xx_ll_sdmmc.o
 .comment       0x00000043       0x44 ./Drivers/TCAN1146/Src/TCAN1146.o

.debug_frame    0x00000000     0x6e50
 .debug_frame   0x00000000      0x264 ./Core/Src/main.o
 .debug_frame   0x00000264      0x21c ./Core/Src/stm32h7xx_hal_msp.o
 .debug_frame   0x00000480      0x120 ./Core/Src/stm32h7xx_it.o
 .debug_frame   0x000005a0       0x78 ./Core/Src/system_stm32h7xx.o
 .debug_frame   0x00000618       0xc8 ./Drivers/ADC108S022/Src/ADC108S022.o
 .debug_frame   0x000006e0      0x10c ./Drivers/MCP23017/Src/MCP23017.o
 .debug_frame   0x000007ec      0x760 ./Drivers/STM32H7xx_HAL_Driver/Src/stm32h7xx_hal.o
 .debug_frame   0x00000f4c      0x508 ./Drivers/STM32H7xx_HAL_Driver/Src/stm32h7xx_hal_cortex.o
 .debug_frame   0x00001454      0xf9c ./Drivers/STM32H7xx_HAL_Driver/Src/stm32h7xx_hal_fdcan.o
 .debug_frame   0x000023f0      0x14c ./Drivers/STM32H7xx_HAL_Driver/Src/stm32h7xx_hal_gpio.o
 .debug_frame   0x0000253c      0xc40 ./Drivers/STM32H7xx_HAL_Driver/Src/stm32h7xx_hal_i2c.o
 .debug_frame   0x0000317c      0x100 ./Drivers/STM32H7xx_HAL_Driver/Src/stm32h7xx_hal_i2c_ex.o
 .debug_frame   0x0000327c      0x540 ./Drivers/STM32H7xx_HAL_Driver/Src/stm32h7xx_hal_pwr_ex.o
 .debug_frame   0x000037bc      0x1fc ./Drivers/STM32H7xx_HAL_Driver/Src/stm32h7xx_hal_rcc.o
 .debug_frame   0x000039b8      0x414 ./Drivers/STM32H7xx_HAL_Driver/Src/stm32h7xx_hal_rcc_ex.o
 .debug_frame   0x00003dcc      0x670 ./Drivers/STM32H7xx_HAL_Driver/Src/stm32h7xx_hal_sd.o
 .debug_frame   0x0000443c      0x7a8 ./Drivers/STM32H7xx_HAL_Driver/Src/stm32h7xx_hal_spi.o
 .debug_frame   0x00004be4     0x121c ./Drivers/STM32H7xx_HAL_Driver/Src/stm32h7xx_hal_tim.o
 .debug_frame   0x00005e00      0x724 ./Drivers/STM32H7xx_HAL_Driver/Src/stm32h7xx_hal_tim_ex.o
 .debug_frame   0x00006524      0x818 ./Drivers/STM32H7xx_HAL_Driver/Src/stm32h7xx_ll_sdmmc.o
 .debug_frame   0x00006d3c       0xa0 ./Drivers/TCAN1146/Src/TCAN1146.o
 .debug_frame   0x00006ddc       0x20 C:/ST/STM32CubeIDE_1.15.1/STM32CubeIDE/plugins/com.st.stm32cube.ide.mcu.externaltools.gnu-tools-for-stm32.13.3.rel1.win32_1.0.0.202411081344/tools/bin/../lib/gcc/arm-none-eabi/13.3.1/../../../../arm-none-eabi/lib/thumb/v7e-m+dp/hard\libc_nano.a(libc_a-memset.o)
 .debug_frame   0x00006dfc       0x2c C:/ST/STM32CubeIDE_1.15.1/STM32CubeIDE/plugins/com.st.stm32cube.ide.mcu.externaltools.gnu-tools-for-stm32.13.3.rel1.win32_1.0.0.202411081344/tools/bin/../lib/gcc/arm-none-eabi/13.3.1/../../../../arm-none-eabi/lib/thumb/v7e-m+dp/hard\libc_nano.a(libc_a-init.o)
 .debug_frame   0x00006e28       0x28 C:/ST/STM32CubeIDE_1.15.1/STM32CubeIDE/plugins/com.st.stm32cube.ide.mcu.externaltools.gnu-tools-for-stm32.13.3.rel1.win32_1.0.0.202411081344/tools/bin/../lib/gcc/arm-none-eabi/13.3.1/../../../../arm-none-eabi/lib/thumb/v7e-m+dp/hard\libc_nano.a(libc_a-memcpy-stub.o)

.debug_line_str
                0x00000000       0x9e
 .debug_line_str
                0x00000000       0x9e ./Core/Startup/startup_stm32h730vbtx.o
