../Core/Src/main.c:122:6:CAN_upkeep	4	static
../Core/Src/main.c:126:6:clearLightStates	16	static
../Core/Src/main.c:133:6:handleRunningLights	4	static
../Core/Src/main.c:137:6:handleLightCycle	4	static
../Core/Src/main.c:141:6:handleReverseLights	4	static
../Core/Src/main.c:145:6:handleTurnSignals	4	static
../Core/Src/main.c:149:6:handleHazards	4	static
../Core/Src/main.c:153:6:handleBrakeLights	4	static
../Core/Src/main.c:157:6:showLights	4	static
../Core/Src/main.c:167:5:main	8	static
../Core/Src/main.c:260:6:SystemClock_Config	120	static
../Core/Src/main.c:321:13:MX_FDCAN1_Init	8	static
../Core/Src/main.c:374:13:MX_SPI1_Init	8	static
../Core/Src/main.c:422:13:MX_SPI2_Init	8	static
../Core/Src/main.c:470:13:MX_SPI3_Init	8	static
../Core/Src/main.c:518:13:MX_SPI4_Init	8	static
../Core/Src/main.c:566:13:MX_TIM1_Init	104	static
../Core/Src/main.c:640:13:MX_TIM3_Init	48	static
../Core/Src/main.c:701:13:MX_GPIO_Init	56	static
../Core/Src/main.c:809:6:MPU_Config	24	static
../Core/Src/main.c:840:6:Error_Handler	4	static,ignoring_inline_asm
