../Core/Src/main.c:84:5:main	8	static
../Core/Src/main.c:146:6:SystemClock_Config	120	static
../Core/Src/main.c:206:13:MX_FDCAN1_Init	8	static
../Core/Src/main.c:269:13:MX_FDCAN3_Init	8	static
../Core/Src/main.c:322:13:MX_SPI1_Init	8	static
../Core/Src/main.c:370:13:MX_SPI2_Init	8	static
../Core/Src/main.c:418:13:MX_SPI3_Init	8	static
../Core/Src/main.c:466:13:MX_SPI4_Init	8	static
../Core/Src/main.c:514:13:MX_GPIO_Init	56	static
../Core/Src/main.c:568:6:MPU_Config	24	static
../Core/Src/main.c:599:6:Error_Handler	4	static,ignoring_inline_asm
