../Core/Src/main.c:86:6:HAL_FDCAN_RxFifo0Callback	16	static
../Core/Src/main.c:108:6:HAL_FDCAN_RxFifo1Callback	16	static
../Core/Src/main.c:135:5:main	8	static
../Core/Src/main.c:203:6:SystemClock_Config	120	static
../Core/Src/main.c:264:13:MX_FDCAN1_Init	8	static
../Core/Src/main.c:329:13:MX_FDCAN3_Init	8	static
../Core/Src/main.c:382:13:MX_SPI1_Init	8	static
../Core/Src/main.c:430:13:MX_SPI2_Init	8	static
../Core/Src/main.c:478:13:MX_SPI3_Init	8	static
../Core/Src/main.c:526:13:MX_SPI4_Init	8	static
../Core/Src/main.c:569:13:MX_GPIO_Init	56	static
../Core/Src/main.c:623:6:MPU_Config	24	static
../Core/Src/main.c:654:6:Error_Handler	4	static,ignoring_inline_asm
